verify	Set up job	﻿2026-09-24T03:57:22.2829841Z Current runner version: '2.337.0'
verify	Set up job	2026-09-24T03:57:22.2856887Z ##[group]Runner Image Provisioner
verify	Set up job	2026-09-24T03:57:22.2857817Z Hosted Compute Agent
verify	Set up job	2026-09-24T03:57:22.2858558Z Version: 20260828.587
verify	Set up job	2026-09-24T03:57:22.2859308Z Commit: abac92662cab4cc7352de4f9f9d2e2419aad9c29
verify	Set up job	2026-09-24T03:57:22.2860144Z Build Date: 2026-08-28T16:44:25Z
verify	Set up job	2026-09-24T03:57:22.2860966Z Worker ID: {ba6afbb1-2259-4ca2-becd-87cb9f3c1a19}
verify	Set up job	2026-09-24T03:57:22.2861773Z Azure Region: eastus
verify	Set up job	2026-09-24T03:57:22.2862430Z ##[endgroup]
verify	Set up job	2026-09-24T03:57:22.2864002Z ##[group]Operating System
verify	Set up job	2026-09-24T03:57:22.2864779Z Ubuntu
verify	Set up job	2026-09-24T03:57:22.2865843Z 24.04.5
verify	Set up job	2026-09-24T03:57:22.2866750Z LTS
verify	Set up job	2026-09-24T03:57:22.2867374Z ##[endgroup]
verify	Set up job	2026-09-24T03:57:22.2868033Z ##[group]Runner Image
verify	Set up job	2026-09-24T03:57:22.2868708Z Image: ubuntu-24.04
verify	Set up job	2026-09-24T03:57:22.2869400Z Version: 20260907.300.1
verify	Set up job	2026-09-24T03:57:22.2870608Z Included Software: https://github.com/actions/runner-images/blob/ubuntu24/20260907.300/images/ubuntu/Ubuntu2404-Readme.md
verify	Set up job	2026-09-24T03:57:22.2872576Z Image Release: https://github.com/actions/runner-images/releases/tag/ubuntu24%2F20260907.300
verify	Set up job	2026-09-24T03:57:22.2873643Z ##[endgroup]
verify	Set up job	2026-09-24T03:57:22.2874942Z ##[group]GITHUB_TOKEN Permissions
verify	Set up job	2026-09-24T03:57:22.2878347Z Actions: read
verify	Set up job	2026-09-24T03:57:22.2879064Z Contents: read
verify	Set up job	2026-09-24T03:57:22.2879654Z Metadata: read
verify	Set up job	2026-09-24T03:57:22.2880391Z ##[endgroup]
verify	Set up job	2026-09-24T03:57:22.2882496Z Secret source: Actions
verify	Set up job	2026-09-24T03:57:22.2883568Z Cache mode: write
verify	Set up job	2026-09-24T03:57:22.2884585Z Prepare workflow directory
verify	Set up job	2026-09-24T03:57:22.3224012Z Prepare all required actions
verify	Set up job	2026-09-24T03:57:22.3272429Z Getting action download info
verify	Set up job	2026-09-24T03:57:22.5884520Z Download action repository 'actions/checkout@3d3c42e5aac5ba805825da76410c181273ba90b1' (SHA:3d3c42e5aac5ba805825da76410c181273ba90b1)
verify	Set up job	2026-09-24T03:57:22.7154138Z Download action repository 'hashicorp/setup-terraform@v3' (SHA:b9cd54a3c349d3f38e8881555d616ced269862dd)
verify	Set up job	2026-09-24T03:57:22.8477922Z Download action repository 'actions/setup-python@e797f83bcb11b83ae66e0230d6156d7c80228e7c' (SHA:e797f83bcb11b83ae66e0230d6156d7c80228e7c)
verify	Set up job	2026-09-24T03:57:22.9631145Z Download action repository 'actions/upload-artifact@ea165f8d65b6e75b540449e92b4886f43607fa02' (SHA:ea165f8d65b6e75b540449e92b4886f43607fa02)
verify	Set up job	2026-09-24T03:57:23.1946794Z Complete job name: verify
verify	Checkout frozen Day 3 source	﻿2026-09-24T03:57:23.2806121Z ##[group]Run actions/checkout@3d3c42e5aac5ba805825da76410c181273ba90b1
verify	Checkout frozen Day 3 source	2026-09-24T03:57:23.2808170Z with:
verify	Checkout frozen Day 3 source	2026-09-24T03:57:23.2809053Z   ref: 120843f337943d6fd8f55a7c3115d76b1bb3d129
verify	Checkout frozen Day 3 source	2026-09-24T03:57:23.2810141Z   persist-credentials: false
verify	Checkout frozen Day 3 source	2026-09-24T03:57:23.2811083Z   repository: giang6996/insighthub
verify	Checkout frozen Day 3 source	2026-09-24T03:57:23.2819720Z   token: ***
verify	Checkout frozen Day 3 source	2026-09-24T03:57:23.2820578Z   ssh-strict: true
verify	Checkout frozen Day 3 source	2026-09-24T03:57:23.2821375Z   ssh-user: git
verify	Checkout frozen Day 3 source	2026-09-24T03:57:23.2822151Z   clean: true
verify	Checkout frozen Day 3 source	2026-09-24T03:57:23.2822937Z   sparse-checkout-cone-mode: true
verify	Checkout frozen Day 3 source	2026-09-24T03:57:23.2823899Z   fetch-depth: 1
verify	Checkout frozen Day 3 source	2026-09-24T03:57:23.2824703Z   fetch-tags: false
verify	Checkout frozen Day 3 source	2026-09-24T03:57:23.2825545Z   show-progress: true
verify	Checkout frozen Day 3 source	2026-09-24T03:57:23.2826563Z   lfs: false
verify	Checkout frozen Day 3 source	2026-09-24T03:57:23.2827336Z   submodules: false
verify	Checkout frozen Day 3 source	2026-09-24T03:57:23.2828082Z   set-safe-directory: true
verify	Checkout frozen Day 3 source	2026-09-24T03:57:23.2828981Z   allow-unsafe-pr-checkout: false
verify	Checkout frozen Day 3 source	2026-09-24T03:57:23.2830356Z ##[endgroup]
verify	Checkout frozen Day 3 source	2026-09-24T03:57:23.3910770Z Syncing repository: giang6996/insighthub
verify	Checkout frozen Day 3 source	2026-09-24T03:57:23.3913748Z ##[group]Getting Git version info
verify	Checkout frozen Day 3 source	2026-09-24T03:57:23.3915068Z Working directory is '/home/runner/work/insighthub/insighthub'
verify	Checkout frozen Day 3 source	2026-09-24T03:57:23.3917230Z [command]/usr/bin/git version
verify	Checkout frozen Day 3 source	2026-09-24T03:57:23.4052171Z git version 2.55.0
verify	Checkout frozen Day 3 source	2026-09-24T03:57:23.4085091Z ##[endgroup]
verify	Checkout frozen Day 3 source	2026-09-24T03:57:23.4092488Z Temporarily overriding HOME='/home/runner/work/_temp/ce0c896b-6604-4113-bec5-38ba546676a8' before making global git config changes
verify	Checkout frozen Day 3 source	2026-09-24T03:57:23.4093944Z Adding repository directory to the temporary git global config as a safe directory
verify	Checkout frozen Day 3 source	2026-09-24T03:57:23.4099985Z [command]/usr/bin/git config --global --add safe.directory /home/runner/work/insighthub/insighthub
verify	Checkout frozen Day 3 source	2026-09-24T03:57:23.4163769Z Deleting the contents of '/home/runner/work/insighthub/insighthub'
verify	Checkout frozen Day 3 source	2026-09-24T03:57:23.4166508Z ##[group]Determining repository object format
verify	Checkout frozen Day 3 source	2026-09-24T03:57:23.4173489Z ##[endgroup]
verify	Checkout frozen Day 3 source	2026-09-24T03:57:23.4175304Z ##[group]Initializing the repository
verify	Checkout frozen Day 3 source	2026-09-24T03:57:23.4177594Z [command]/usr/bin/git init /home/runner/work/insighthub/insighthub
verify	Checkout frozen Day 3 source	2026-09-24T03:57:23.4334075Z hint: Using 'master' as the name for the initial branch. This default branch name
verify	Checkout frozen Day 3 source	2026-09-24T03:57:23.4336388Z hint: will change to "main" in Git 3.0. To configure the initial branch name
verify	Checkout frozen Day 3 source	2026-09-24T03:57:23.4338389Z hint: to use in all of your new repositories, which will suppress this warning,
verify	Checkout frozen Day 3 source	2026-09-24T03:57:23.4339911Z hint: call:
verify	Checkout frozen Day 3 source	2026-09-24T03:57:23.4340706Z hint:
verify	Checkout frozen Day 3 source	2026-09-24T03:57:23.4341700Z hint: 	git config --global init.defaultBranch <name>
verify	Checkout frozen Day 3 source	2026-09-24T03:57:23.4342958Z hint:
verify	Checkout frozen Day 3 source	2026-09-24T03:57:23.4344185Z hint: Names commonly chosen instead of 'master' are 'main', 'trunk' and
verify	Checkout frozen Day 3 source	2026-09-24T03:57:23.4346164Z hint: 'development'. The just-created branch can be renamed via this command:
verify	Checkout frozen Day 3 source	2026-09-24T03:57:23.4347904Z hint:
verify	Checkout frozen Day 3 source	2026-09-24T03:57:23.4353820Z hint: 	git branch -m <name>
verify	Checkout frozen Day 3 source	2026-09-24T03:57:23.4354831Z hint:
verify	Checkout frozen Day 3 source	2026-09-24T03:57:23.4356016Z hint: Disable this message with "git config set advice.defaultBranchName false"
verify	Checkout frozen Day 3 source	2026-09-24T03:57:23.4358264Z Initialized empty Git repository in /home/runner/work/insighthub/insighthub/.git/
verify	Checkout frozen Day 3 source	2026-09-24T03:57:23.4369076Z [command]/usr/bin/git remote add origin https://github.com/giang6996/insighthub
verify	Checkout frozen Day 3 source	2026-09-24T03:57:23.4433363Z ##[endgroup]
verify	Checkout frozen Day 3 source	2026-09-24T03:57:23.4435012Z ##[group]Disabling automatic garbage collection
verify	Checkout frozen Day 3 source	2026-09-24T03:57:23.4439621Z [command]/usr/bin/git config --local gc.auto 0
verify	Checkout frozen Day 3 source	2026-09-24T03:57:23.4477607Z ##[endgroup]
verify	Checkout frozen Day 3 source	2026-09-24T03:57:23.4480007Z ##[group]Setting up auth
verify	Checkout frozen Day 3 source	2026-09-24T03:57:23.4481652Z Removing SSH command configuration
verify	Checkout frozen Day 3 source	2026-09-24T03:57:23.4484130Z [command]/usr/bin/git config --local --name-only --get-regexp core\.sshCommand
verify	Checkout frozen Day 3 source	2026-09-24T03:57:23.4524025Z [command]/usr/bin/git submodule foreach --recursive sh -c "git config --local --name-only --get-regexp 'core\.sshCommand' && git config --local --unset-all 'core.sshCommand' || :"
verify	Checkout frozen Day 3 source	2026-09-24T03:57:23.4947257Z Removing HTTP extra header
verify	Checkout frozen Day 3 source	2026-09-24T03:57:23.4953470Z [command]/usr/bin/git config --local --name-only --get-regexp http\.https\:\/\/github\.com\/\.extraheader
verify	Checkout frozen Day 3 source	2026-09-24T03:57:23.4998848Z [command]/usr/bin/git submodule foreach --recursive sh -c "git config --local --name-only --get-regexp 'http\.https\:\/\/github\.com\/\.extraheader' && git config --local --unset-all 'http.https://github.com/.extraheader' || :"
verify	Checkout frozen Day 3 source	2026-09-24T03:57:23.5239893Z Removing includeIf entries pointing to credentials config files
verify	Checkout frozen Day 3 source	2026-09-24T03:57:23.5241488Z [command]/usr/bin/git config --local --name-only --get-regexp ^includeIf\.gitdir:
verify	Checkout frozen Day 3 source	2026-09-24T03:57:23.5284300Z [command]/usr/bin/git submodule foreach --recursive git config --local --show-origin --name-only --get-regexp remote.origin.url
verify	Checkout frozen Day 3 source	2026-09-24T03:57:23.5526720Z [command]/usr/bin/git config --file /home/runner/work/_temp/git-credentials-c2927c79-6343-4958-8a87-f979fbd2bc80.config http.https://github.com/.extraheader AUTHORIZATION: basic ***
verify	Checkout frozen Day 3 source	2026-09-24T03:57:23.5573151Z [command]/usr/bin/git config --local includeIf.gitdir:/home/runner/work/insighthub/insighthub/.git.path /home/runner/work/_temp/git-credentials-c2927c79-6343-4958-8a87-f979fbd2bc80.config
verify	Checkout frozen Day 3 source	2026-09-24T03:57:23.5612667Z [command]/usr/bin/git config --local includeIf.gitdir:/home/runner/work/insighthub/insighthub/.git/worktrees/*.path /home/runner/work/_temp/git-credentials-c2927c79-6343-4958-8a87-f979fbd2bc80.config
verify	Checkout frozen Day 3 source	2026-09-24T03:57:23.5655256Z [command]/usr/bin/git config --local includeIf.gitdir:/github/workspace/.git.path /github/runner_temp/git-credentials-c2927c79-6343-4958-8a87-f979fbd2bc80.config
verify	Checkout frozen Day 3 source	2026-09-24T03:57:23.5693240Z [command]/usr/bin/git config --local includeIf.gitdir:/github/workspace/.git/worktrees/*.path /github/runner_temp/git-credentials-c2927c79-6343-4958-8a87-f979fbd2bc80.config
verify	Checkout frozen Day 3 source	2026-09-24T03:57:23.5725798Z ##[endgroup]
verify	Checkout frozen Day 3 source	2026-09-24T03:57:23.5727199Z ##[group]Fetching the repository
verify	Checkout frozen Day 3 source	2026-09-24T03:57:23.5734937Z [command]/usr/bin/git -c protocol.version=2 fetch --no-tags --prune --no-recurse-submodules --depth=1 origin 120843f337943d6fd8f55a7c3115d76b1bb3d129
verify	Checkout frozen Day 3 source	2026-09-24T03:57:23.8433827Z From https://github.com/giang6996/insighthub
verify	Checkout frozen Day 3 source	2026-09-24T03:57:23.8437904Z  * branch            120843f337943d6fd8f55a7c3115d76b1bb3d129 -> FETCH_HEAD
verify	Checkout frozen Day 3 source	2026-09-24T03:57:23.8450345Z [command]/usr/bin/git rev-parse --verify --quiet 120843f337943d6fd8f55a7c3115d76b1bb3d129^{object}
verify	Checkout frozen Day 3 source	2026-09-24T03:57:23.8487276Z 120843f337943d6fd8f55a7c3115d76b1bb3d129
verify	Checkout frozen Day 3 source	2026-09-24T03:57:23.8493775Z ##[endgroup]
verify	Checkout frozen Day 3 source	2026-09-24T03:57:23.8495978Z ##[group]Determining the checkout info
verify	Checkout frozen Day 3 source	2026-09-24T03:57:23.8498640Z ##[endgroup]
verify	Checkout frozen Day 3 source	2026-09-24T03:57:23.8500061Z [command]/usr/bin/git sparse-checkout disable
verify	Checkout frozen Day 3 source	2026-09-24T03:57:23.8553743Z [command]/usr/bin/git config --local --unset-all extensions.worktreeConfig
verify	Checkout frozen Day 3 source	2026-09-24T03:57:23.8589517Z ##[group]Checking out the ref
verify	Checkout frozen Day 3 source	2026-09-24T03:57:23.8592729Z [command]/usr/bin/git checkout --progress --force 120843f337943d6fd8f55a7c3115d76b1bb3d129
verify	Checkout frozen Day 3 source	2026-09-24T03:57:23.8768070Z Note: switching to '120843f337943d6fd8f55a7c3115d76b1bb3d129'.
verify	Checkout frozen Day 3 source	2026-09-24T03:57:23.8769653Z 
verify	Checkout frozen Day 3 source	2026-09-24T03:57:23.8770737Z You are in 'detached HEAD' state. You can look around, make experimental
verify	Checkout frozen Day 3 source	2026-09-24T03:57:23.8774433Z changes and commit them, and you can discard any commits you make in this
verify	Checkout frozen Day 3 source	2026-09-24T03:57:23.8779123Z state without impacting any branches by switching back to a branch.
verify	Checkout frozen Day 3 source	2026-09-24T03:57:23.8781648Z 
verify	Checkout frozen Day 3 source	2026-09-24T03:57:23.8783042Z If you want to create a new branch to retain commits you create, you may
verify	Checkout frozen Day 3 source	2026-09-24T03:57:23.8786802Z do so (now or later) by using -c with the switch command. Example:
verify	Checkout frozen Day 3 source	2026-09-24T03:57:23.8788917Z 
verify	Checkout frozen Day 3 source	2026-09-24T03:57:23.8789921Z   git switch -c <new-branch-name>
verify	Checkout frozen Day 3 source	2026-09-24T03:57:23.8791160Z 
verify	Checkout frozen Day 3 source	2026-09-24T03:57:23.8791864Z Or undo this operation with:
verify	Checkout frozen Day 3 source	2026-09-24T03:57:23.8792945Z 
verify	Checkout frozen Day 3 source	2026-09-24T03:57:23.8793595Z   git switch -
verify	Checkout frozen Day 3 source	2026-09-24T03:57:23.8794434Z 
verify	Checkout frozen Day 3 source	2026-09-24T03:57:23.8795751Z Turn off this advice by setting config variable advice.detachedHead to false
verify	Checkout frozen Day 3 source	2026-09-24T03:57:23.8798098Z 
verify	Checkout frozen Day 3 source	2026-09-24T03:57:23.8798892Z HEAD is now at 120843f fix: validate public ALB from GitHub runner
verify	Checkout frozen Day 3 source	2026-09-24T03:57:23.8802722Z ##[endgroup]
verify	Checkout frozen Day 3 source	2026-09-24T03:57:23.8837454Z [command]/usr/bin/git log -1 --format=%H
verify	Checkout frozen Day 3 source	2026-09-24T03:57:23.8869954Z 120843f337943d6fd8f55a7c3115d76b1bb3d129
verify	Checkout frozen Day 3 source	2026-09-24T03:57:23.8885782Z ##[group]Removing auth
verify	Checkout frozen Day 3 source	2026-09-24T03:57:23.8887957Z Removing SSH command configuration
verify	Checkout frozen Day 3 source	2026-09-24T03:57:23.8891146Z [command]/usr/bin/git config --local --name-only --get-regexp core\.sshCommand
verify	Checkout frozen Day 3 source	2026-09-24T03:57:23.8931860Z [command]/usr/bin/git submodule foreach --recursive sh -c "git config --local --name-only --get-regexp 'core\.sshCommand' && git config --local --unset-all 'core.sshCommand' || :"
verify	Checkout frozen Day 3 source	2026-09-24T03:57:23.9179275Z Removing HTTP extra header
verify	Checkout frozen Day 3 source	2026-09-24T03:57:23.9183718Z [command]/usr/bin/git config --local --name-only --get-regexp http\.https\:\/\/github\.com\/\.extraheader
verify	Checkout frozen Day 3 source	2026-09-24T03:57:23.9224593Z [command]/usr/bin/git submodule foreach --recursive sh -c "git config --local --name-only --get-regexp 'http\.https\:\/\/github\.com\/\.extraheader' && git config --local --unset-all 'http.https://github.com/.extraheader' || :"
verify	Checkout frozen Day 3 source	2026-09-24T03:57:23.9452986Z Removing includeIf entries pointing to credentials config files
verify	Checkout frozen Day 3 source	2026-09-24T03:57:23.9457286Z [command]/usr/bin/git config --local --name-only --get-regexp ^includeIf\.gitdir:
verify	Checkout frozen Day 3 source	2026-09-24T03:57:23.9534001Z includeif.gitdir:/home/runner/work/insighthub/insighthub/.git.path
verify	Checkout frozen Day 3 source	2026-09-24T03:57:23.9537489Z includeif.gitdir:/home/runner/work/insighthub/insighthub/.git/worktrees/*.path
verify	Checkout frozen Day 3 source	2026-09-24T03:57:23.9540092Z includeif.gitdir:/github/workspace/.git.path
verify	Checkout frozen Day 3 source	2026-09-24T03:57:23.9542554Z includeif.gitdir:/github/workspace/.git/worktrees/*.path
verify	Checkout frozen Day 3 source	2026-09-24T03:57:23.9548420Z [command]/usr/bin/git config --local --get-all includeif.gitdir:/home/runner/work/insighthub/insighthub/.git.path
verify	Checkout frozen Day 3 source	2026-09-24T03:57:23.9573216Z /home/runner/work/_temp/git-credentials-c2927c79-6343-4958-8a87-f979fbd2bc80.config
verify	Checkout frozen Day 3 source	2026-09-24T03:57:23.9584523Z [command]/usr/bin/git config --local --unset includeif.gitdir:/home/runner/work/insighthub/insighthub/.git.path \/home\/runner\/work\/_temp\/git\-credentials\-c2927c79\-6343\-4958\-8a87\-f979fbd2bc80\.config
verify	Checkout frozen Day 3 source	2026-09-24T03:57:23.9622812Z [command]/usr/bin/git config --local --get-all includeif.gitdir:/home/runner/work/insighthub/insighthub/.git/worktrees/*.path
verify	Checkout frozen Day 3 source	2026-09-24T03:57:23.9649279Z /home/runner/work/_temp/git-credentials-c2927c79-6343-4958-8a87-f979fbd2bc80.config
verify	Checkout frozen Day 3 source	2026-09-24T03:57:23.9662482Z [command]/usr/bin/git config --local --unset includeif.gitdir:/home/runner/work/insighthub/insighthub/.git/worktrees/*.path \/home\/runner\/work\/_temp\/git\-credentials\-c2927c79\-6343\-4958\-8a87\-f979fbd2bc80\.config
verify	Checkout frozen Day 3 source	2026-09-24T03:57:23.9701271Z [command]/usr/bin/git config --local --get-all includeif.gitdir:/github/workspace/.git.path
verify	Checkout frozen Day 3 source	2026-09-24T03:57:23.9729554Z /github/runner_temp/git-credentials-c2927c79-6343-4958-8a87-f979fbd2bc80.config
verify	Checkout frozen Day 3 source	2026-09-24T03:57:23.9739001Z [command]/usr/bin/git config --local --unset includeif.gitdir:/github/workspace/.git.path \/github\/runner_temp\/git\-credentials\-c2927c79\-6343\-4958\-8a87\-f979fbd2bc80\.config
verify	Checkout frozen Day 3 source	2026-09-24T03:57:23.9780319Z [command]/usr/bin/git config --local --get-all includeif.gitdir:/github/workspace/.git/worktrees/*.path
verify	Checkout frozen Day 3 source	2026-09-24T03:57:23.9807256Z /github/runner_temp/git-credentials-c2927c79-6343-4958-8a87-f979fbd2bc80.config
verify	Checkout frozen Day 3 source	2026-09-24T03:57:23.9814973Z [command]/usr/bin/git config --local --unset includeif.gitdir:/github/workspace/.git/worktrees/*.path \/github\/runner_temp\/git\-credentials\-c2927c79\-6343\-4958\-8a87\-f979fbd2bc80\.config
verify	Checkout frozen Day 3 source	2026-09-24T03:57:23.9851791Z [command]/usr/bin/git submodule foreach --recursive git config --local --show-origin --name-only --get-regexp remote.origin.url
verify	Checkout frozen Day 3 source	2026-09-24T03:57:24.0079806Z Removing credentials config '/home/runner/work/_temp/git-credentials-c2927c79-6343-4958-8a87-f979fbd2bc80.config'
verify	Checkout frozen Day 3 source	2026-09-24T03:57:24.0085795Z ##[endgroup]
verify	Assert frozen source	﻿2026-09-24T03:57:24.0319140Z ##[group]Run set -euo pipefail
verify	Assert frozen source	2026-09-24T03:57:24.0320394Z [36;1mset -euo pipefail[0m
verify	Assert frozen source	2026-09-24T03:57:24.0321955Z [36;1mtest "$(git rev-parse HEAD)" = "120843f337943d6fd8f55a7c3115d76b1bb3d129"[0m
verify	Assert frozen source	2026-09-24T03:57:24.0323696Z [36;1mgit rev-parse HEAD[0m
verify	Assert frozen source	2026-09-24T03:57:24.0367178Z shell: /usr/bin/bash --noprofile --norc -e -o pipefail {0}
verify	Assert frozen source	2026-09-24T03:57:24.0368707Z ##[endgroup]
verify	Assert frozen source	2026-09-24T03:57:24.0489065Z 120843f337943d6fd8f55a7c3115d76b1bb3d129
verify	Set up Terraform	﻿2026-09-24T03:57:24.0625384Z ##[group]Run hashicorp/setup-terraform@v3
verify	Set up Terraform	2026-09-24T03:57:24.0626936Z with:
verify	Set up Terraform	2026-09-24T03:57:24.0627876Z   cli_config_credentials_hostname: app.terraform.io
verify	Set up Terraform	2026-09-24T03:57:24.0629151Z   terraform_version: latest
verify	Set up Terraform	2026-09-24T03:57:24.0630096Z   terraform_wrapper: true
verify	Set up Terraform	2026-09-24T03:57:24.0630996Z ##[endgroup]
verify	Set up Terraform	2026-09-24T03:57:24.2058366Z (node:2287) [DEP0169] DeprecationWarning: `url.parse()` behavior is not standardized and prone to errors that have security implications. Use the WHATWG URL API instead. CVEs are not issued for `url.parse()` vulnerabilities.
verify	Set up Terraform	2026-09-24T03:57:24.2064739Z (Use `node --trace-deprecation ...` to show where the warning was created)
verify	Set up Terraform	2026-09-24T03:57:24.4795906Z [command]/usr/bin/unzip -o -q /home/runner/work/_temp/5248b8d7-a0c7-477a-9799-be5c7bc842c2
verify	Set up Python	﻿2026-09-24T03:57:25.2968623Z ##[group]Run actions/setup-python@e797f83bcb11b83ae66e0230d6156d7c80228e7c
verify	Set up Python	2026-09-24T03:57:25.2969190Z with:
verify	Set up Python	2026-09-24T03:57:25.2969477Z   python-version: 3.12
verify	Set up Python	2026-09-24T03:57:25.2969781Z   check-latest: false
verify	Set up Python	2026-09-24T03:57:25.2973018Z   token: ***
verify	Set up Python	2026-09-24T03:57:25.2973313Z   update-environment: true
verify	Set up Python	2026-09-24T03:57:25.2973642Z   allow-prereleases: false
verify	Set up Python	2026-09-24T03:57:25.2973976Z   freethreaded: false
verify	Set up Python	2026-09-24T03:57:25.2974260Z env:
verify	Set up Python	2026-09-24T03:57:25.2974683Z   TERRAFORM_CLI_PATH: /home/runner/work/_temp/8df878e4-2b27-4f2d-830b-c80e17f11dcd
verify	Set up Python	2026-09-24T03:57:25.2975186Z ##[endgroup]
verify	Set up Python	2026-09-24T03:57:25.4410295Z ##[group]Installed versions
verify	Set up Python	2026-09-24T03:57:25.4531129Z (node:2300) [DEP0040] DeprecationWarning: The `punycode` module is deprecated. Please use a userland alternative instead.
verify	Set up Python	2026-09-24T03:57:25.4532436Z (Use `node --trace-deprecation ...` to show where the warning was created)
verify	Set up Python	2026-09-24T03:57:25.4533618Z Successfully set up CPython (3.12.14)
verify	Set up Python	2026-09-24T03:57:25.4534946Z ##[endgroup]
verify	Install pinned verification tools	﻿2026-09-24T03:57:25.4682702Z ##[group]Run python -m pip install --disable-pip-version-check checkov==3.3.19 pytest==8.4.2 pyyaml==6.0.2
verify	Install pinned verification tools	2026-09-24T03:57:25.4683838Z [36;1mpython -m pip install --disable-pip-version-check checkov==3.3.19 pytest==8.4.2 pyyaml==6.0.2[0m
verify	Install pinned verification tools	2026-09-24T03:57:25.4737765Z shell: /usr/bin/bash -e {0}
verify	Install pinned verification tools	2026-09-24T03:57:25.4738202Z env:
verify	Install pinned verification tools	2026-09-24T03:57:25.4738752Z   TERRAFORM_CLI_PATH: /home/runner/work/_temp/8df878e4-2b27-4f2d-830b-c80e17f11dcd
verify	Install pinned verification tools	2026-09-24T03:57:25.4739569Z   pythonLocation: /opt/hostedtoolcache/Python/3.12.14/x64
verify	Install pinned verification tools	2026-09-24T03:57:25.4740352Z   PKG_CONFIG_PATH: /opt/hostedtoolcache/Python/3.12.14/x64/lib/pkgconfig
verify	Install pinned verification tools	2026-09-24T03:57:25.4741154Z   Python_ROOT_DIR: /opt/hostedtoolcache/Python/3.12.14/x64
verify	Install pinned verification tools	2026-09-24T03:57:25.4741863Z   Python2_ROOT_DIR: /opt/hostedtoolcache/Python/3.12.14/x64
verify	Install pinned verification tools	2026-09-24T03:57:25.4742554Z   Python3_ROOT_DIR: /opt/hostedtoolcache/Python/3.12.14/x64
verify	Install pinned verification tools	2026-09-24T03:57:25.4743250Z   LD_LIBRARY_PATH: /opt/hostedtoolcache/Python/3.12.14/x64/lib
verify	Install pinned verification tools	2026-09-24T03:57:25.4743843Z ##[endgroup]
verify	Install pinned verification tools	2026-09-24T03:57:26.7223566Z Collecting checkov==3.3.19
verify	Install pinned verification tools	2026-09-24T03:57:26.7750556Z   Downloading checkov-3.3.19-py3-none-any.whl.metadata (26 kB)
verify	Install pinned verification tools	2026-09-24T03:57:26.8143902Z Collecting pytest==8.4.2
verify	Install pinned verification tools	2026-09-24T03:57:26.8189103Z   Downloading pytest-8.4.2-py3-none-any.whl.metadata (7.7 kB)
verify	Install pinned verification tools	2026-09-24T03:57:26.8549672Z Collecting pyyaml==6.0.2
verify	Install pinned verification tools	2026-09-24T03:57:26.8580563Z   Downloading PyYAML-6.0.2-cp312-cp312-manylinux_2_17_x86_64.manylinux2014_x86_64.whl.metadata (2.1 kB)
verify	Install pinned verification tools	2026-09-24T03:57:26.8690970Z Collecting bc-jsonpath-ng==1.6.1 (from checkov==3.3.19)
verify	Install pinned verification tools	2026-09-24T03:57:26.8758558Z   Downloading bc_jsonpath_ng-1.6.1-py3-none-any.whl.metadata (17 kB)
verify	Install pinned verification tools	2026-09-24T03:57:26.9048423Z Collecting pycep-parser==0.5.1 (from checkov==3.3.19)
verify	Install pinned verification tools	2026-09-24T03:57:26.9098860Z   Downloading pycep_parser-0.5.1-py3-none-any.whl.metadata (2.6 kB)
verify	Install pinned verification tools	2026-09-24T03:57:26.9224371Z Collecting tabulate<0.10.0,>=0.9.0 (from checkov==3.3.19)
verify	Install pinned verification tools	2026-09-24T03:57:26.9257782Z   Downloading tabulate-0.9.0-py3-none-any.whl.metadata (34 kB)
verify	Install pinned verification tools	2026-09-24T03:57:26.9440743Z Collecting colorama<0.5.0,>=0.4.3 (from checkov==3.3.19)
verify	Install pinned verification tools	2026-09-24T03:57:26.9472466Z   Downloading colorama-0.4.6-py2.py3-none-any.whl.metadata (17 kB)
verify	Install pinned verification tools	2026-09-24T03:57:26.9633349Z Collecting termcolor<2.4.0,>=1.1.0 (from checkov==3.3.19)
verify	Install pinned verification tools	2026-09-24T03:57:26.9705952Z   Downloading termcolor-2.3.0-py3-none-any.whl.metadata (5.3 kB)
verify	Install pinned verification tools	2026-09-24T03:57:26.9817863Z Collecting junit-xml<2.0,>=1.9 (from checkov==3.3.19)
verify	Install pinned verification tools	2026-09-24T03:57:26.9865606Z   Downloading junit_xml-1.9-py2.py3-none-any.whl.metadata (3.2 kB)
verify	Install pinned verification tools	2026-09-24T03:57:26.9997776Z Collecting dpath==2.1.3 (from checkov==3.3.19)
verify	Install pinned verification tools	2026-09-24T03:57:27.0043074Z   Downloading dpath-2.1.3-py3-none-any.whl.metadata (15 kB)
verify	Install pinned verification tools	2026-09-24T03:57:27.2158962Z Collecting boto3==1.35.49 (from checkov==3.3.19)
verify	Install pinned verification tools	2026-09-24T03:57:27.2240779Z   Downloading boto3-1.35.49-py3-none-any.whl.metadata (6.7 kB)
verify	Install pinned verification tools	2026-09-24T03:57:27.2450227Z Collecting gitpython<4.0.0,>=3.1.30 (from checkov==3.3.19)
verify	Install pinned verification tools	2026-09-24T03:57:27.2480746Z   Downloading gitpython-3.1.62-py3-none-any.whl.metadata (13 kB)
verify	Install pinned verification tools	2026-09-24T03:57:27.2625458Z Collecting jmespath<2.0.0,>=1.0.0 (from checkov==3.3.19)
verify	Install pinned verification tools	2026-09-24T03:57:27.2660955Z   Downloading jmespath-1.1.0-py3-none-any.whl.metadata (7.6 kB)
verify	Install pinned verification tools	2026-09-24T03:57:27.2918872Z Collecting tqdm<5.0.0,>=4.65.0 (from checkov==3.3.19)
verify	Install pinned verification tools	2026-09-24T03:57:27.2949928Z   Downloading tqdm-4.70.1-py3-none-any.whl.metadata (57 kB)
verify	Install pinned verification tools	2026-09-24T03:57:27.3168384Z Collecting packaging<24.0,>=23.0 (from checkov==3.3.19)
verify	Install pinned verification tools	2026-09-24T03:57:27.3205038Z   Downloading packaging-23.2-py3-none-any.whl.metadata (3.2 kB)
verify	Install pinned verification tools	2026-09-24T03:57:27.3355424Z Collecting cloudsplaining<0.8.0,>=0.7.0 (from checkov==3.3.19)
verify	Install pinned verification tools	2026-09-24T03:57:27.3390079Z   Downloading cloudsplaining-0.7.0-py3-none-any.whl.metadata (21 kB)
verify	Install pinned verification tools	2026-09-24T03:57:27.3600870Z Collecting networkx<2.7 (from checkov==3.3.19)
verify	Install pinned verification tools	2026-09-24T03:57:27.3636400Z   Downloading networkx-2.6.3-py3-none-any.whl.metadata (5.0 kB)
verify	Install pinned verification tools	2026-09-24T03:57:27.3771192Z Collecting dockerfile-parse<3.0.0,>=2.0.0 (from checkov==3.3.19)
verify	Install pinned verification tools	2026-09-24T03:57:27.3820584Z   Downloading dockerfile_parse-2.0.1-py2.py3-none-any.whl.metadata (3.3 kB)
verify	Install pinned verification tools	2026-09-24T03:57:27.3978849Z Collecting docker<8.0.0,>=6.0.1 (from checkov==3.3.19)
verify	Install pinned verification tools	2026-09-24T03:57:27.4007982Z   Downloading docker-7.2.0-py3-none-any.whl.metadata (3.8 kB)
verify	Install pinned verification tools	2026-09-24T03:57:27.4135220Z Collecting configargparse<2.0.0,>=1.5.3 (from checkov==3.3.19)
verify	Install pinned verification tools	2026-09-24T03:57:27.4170162Z   Downloading configargparse-1.7.7-py3-none-any.whl.metadata (23 kB)
verify	Install pinned verification tools	2026-09-24T03:57:27.4401616Z Collecting argcomplete<4.0.0,>=3.0.0 (from checkov==3.3.19)
verify	Install pinned verification tools	2026-09-24T03:57:27.4432684Z   Downloading argcomplete-3.7.2-py3-none-any.whl.metadata (16 kB)
verify	Install pinned verification tools	2026-09-24T03:57:27.4646139Z Collecting typing-extensions<5.0.0,>=4.5.0 (from checkov==3.3.19)
verify	Install pinned verification tools	2026-09-24T03:57:27.4677780Z   Downloading typing_extensions-4.16.0-py3-none-any.whl.metadata (3.3 kB)
verify	Install pinned verification tools	2026-09-24T03:57:27.4895732Z Collecting importlib-metadata<8.0.0,>=6.0.0 (from checkov==3.3.19)
verify	Install pinned verification tools	2026-09-24T03:57:27.4953699Z   Downloading importlib_metadata-7.2.1-py3-none-any.whl.metadata (4.6 kB)
verify	Install pinned verification tools	2026-09-24T03:57:27.5133829Z Collecting cachetools<6.0.0,>=5.2.0 (from checkov==3.3.19)
verify	Install pinned verification tools	2026-09-24T03:57:27.5181428Z   Downloading cachetools-5.5.2-py3-none-any.whl.metadata (5.4 kB)
verify	Install pinned verification tools	2026-09-24T03:57:27.5440347Z Collecting cyclonedx-python-lib<8.0.0,>=6.0.0 (from checkov==3.3.19)
verify	Install pinned verification tools	2026-09-24T03:57:27.5471830Z   Downloading cyclonedx_python_lib-7.6.2-py3-none-any.whl.metadata (6.7 kB)
verify	Install pinned verification tools	2026-09-24T03:57:27.5632501Z Collecting packageurl-python<0.14.0,>=0.11.1 (from checkov==3.3.19)
verify	Install pinned verification tools	2026-09-24T03:57:27.5684708Z   Downloading packageurl_python-0.13.4-py3-none-any.whl.metadata (5.1 kB)
verify	Install pinned verification tools	2026-09-24T03:57:27.5856994Z Collecting click<9.0.0,>=8.1.0 (from checkov==3.3.19)
verify	Install pinned verification tools	2026-09-24T03:57:27.5887673Z   Downloading click-8.5.0-py3-none-any.whl.metadata (2.6 kB)
verify	Install pinned verification tools	2026-09-24T03:57:28.1109940Z Collecting aiohttp<3.15.0,>=3.8.0 (from checkov==3.3.19)
verify	Install pinned verification tools	2026-09-24T03:57:28.1147459Z   Downloading aiohttp-3.14.3-cp312-cp312-manylinux2014_x86_64.manylinux_2_17_x86_64.manylinux_2_28_x86_64.whl.metadata (8.3 kB)
verify	Install pinned verification tools	2026-09-24T03:57:28.1291202Z Collecting aiodns<4.0.0,>=3.0.0 (from checkov==3.3.19)
verify	Install pinned verification tools	2026-09-24T03:57:28.1324518Z   Downloading aiodns-3.6.1-py3-none-any.whl.metadata (5.8 kB)
verify	Install pinned verification tools	2026-09-24T03:57:28.1435243Z Collecting aiomultiprocess<0.10.0,>=0.9.0 (from checkov==3.3.19)
verify	Install pinned verification tools	2026-09-24T03:57:28.1521019Z   Downloading aiomultiprocess-0.9.1-py3-none-any.whl.metadata (4.8 kB)
verify	Install pinned verification tools	2026-09-24T03:57:28.1664982Z Collecting schema<=0.7.5 (from checkov==3.3.19)
verify	Install pinned verification tools	2026-09-24T03:57:28.1709379Z   Downloading schema-0.7.5-py2.py3-none-any.whl.metadata (34 kB)
verify	Install pinned verification tools	2026-09-24T03:57:28.1941155Z Collecting jsonschema<5.0.0,>=4.17.0 (from checkov==3.3.19)
verify	Install pinned verification tools	2026-09-24T03:57:28.1971966Z   Downloading jsonschema-4.26.0-py3-none-any.whl.metadata (7.6 kB)
verify	Install pinned verification tools	2026-09-24T03:57:28.2133473Z Collecting prettytable<4.0.0,>=3.6.0 (from checkov==3.3.19)
verify	Install pinned verification tools	2026-09-24T03:57:28.2169999Z   Downloading prettytable-3.18.0-py3-none-any.whl.metadata (37 kB)
verify	Install pinned verification tools	2026-09-24T03:57:28.3367280Z Collecting charset-normalizer<4.0.0,>=3.1.0 (from checkov==3.3.19)
verify	Install pinned verification tools	2026-09-24T03:57:28.3404623Z   Downloading charset_normalizer-3.5.1-cp312-cp312-manylinux2014_x86_64.manylinux_2_17_x86_64.manylinux_2_28_x86_64.whl.metadata (45 kB)
verify	Install pinned verification tools	2026-09-24T03:57:28.3642802Z Collecting requests<3.0.0,>=2.28.0 (from checkov==3.3.19)
verify	Install pinned verification tools	2026-09-24T03:57:28.3677781Z   Downloading requests-2.34.2-py3-none-any.whl.metadata (4.8 kB)
verify	Install pinned verification tools	2026-09-24T03:57:28.6077676Z Collecting yarl<2.0.0,>=1.9.1 (from checkov==3.3.19)
verify	Install pinned verification tools	2026-09-24T03:57:28.6114442Z   Downloading yarl-1.25.1-cp312-cp312-manylinux2014_x86_64.manylinux_2_17_x86_64.manylinux_2_28_x86_64.whl.metadata (111 kB)
verify	Install pinned verification tools	2026-09-24T03:57:28.6330158Z Collecting spdx-tools<0.9.0,>=0.8.0 (from checkov==3.3.19)
verify	Install pinned verification tools	2026-09-24T03:57:28.6363178Z   Downloading spdx_tools-0.8.5-py3-none-any.whl.metadata (15 kB)
verify	Install pinned verification tools	2026-09-24T03:57:28.6538188Z Collecting license-expression<31.0.0,>=30.1.0 (from checkov==3.3.19)
verify	Install pinned verification tools	2026-09-24T03:57:28.6570438Z   Downloading license_expression-30.4.4-py3-none-any.whl.metadata (11 kB)
verify	Install pinned verification tools	2026-09-24T03:57:28.6913543Z Collecting rustworkx<1.0.0,>=0.13.0 (from checkov==3.3.19)
verify	Install pinned verification tools	2026-09-24T03:57:28.6946665Z   Downloading rustworkx-0.18.1-cp310-abi3-manylinux2014_x86_64.manylinux_2_17_x86_64.whl.metadata (10 kB)
verify	Install pinned verification tools	2026-09-24T03:57:28.7941438Z Collecting pydantic<3.0.0,>=2.0.0 (from checkov==3.3.19)
verify	Install pinned verification tools	2026-09-24T03:57:28.7976241Z   Downloading pydantic-2.13.5-py3-none-any.whl.metadata (110 kB)
verify	Install pinned verification tools	2026-09-24T03:57:28.8183938Z Collecting asteval==1.0.6 (from checkov==3.3.19)
verify	Install pinned verification tools	2026-09-24T03:57:28.8237563Z   Downloading asteval-1.0.6-py3-none-any.whl.metadata (6.2 kB)
verify	Install pinned verification tools	2026-09-24T03:57:28.8433284Z Collecting bc-detect-secrets==1.5.50 (from checkov==3.3.19)
verify	Install pinned verification tools	2026-09-24T03:57:28.8472855Z   Downloading bc_detect_secrets-1.5.50-py3-none-any.whl.metadata (23 kB)
verify	Install pinned verification tools	2026-09-24T03:57:28.9077708Z Collecting urllib3>=1.26.20 (from checkov==3.3.19)
verify	Install pinned verification tools	2026-09-24T03:57:28.9111988Z   Downloading urllib3-2.8.0-py3-none-any.whl.metadata (7.4 kB)
verify	Install pinned verification tools	2026-09-24T03:57:28.9271419Z Collecting bc-python-hcl2==0.4.3 (from checkov==3.3.19)
verify	Install pinned verification tools	2026-09-24T03:57:28.9332319Z   Downloading bc_python_hcl2-0.4.3-py3-none-any.whl.metadata (4.2 kB)
verify	Install pinned verification tools	2026-09-24T03:57:28.9521612Z Collecting platformdirs<5.0.0,>=4.0.0 (from checkov==3.3.19)
verify	Install pinned verification tools	2026-09-24T03:57:28.9558552Z   Downloading platformdirs-4.11.12-py3-none-any.whl.metadata (5.5 kB)
verify	Install pinned verification tools	2026-09-24T03:57:28.9683862Z Collecting ecdsa<1.0.0,>=0.19.0 (from checkov==3.3.19)
verify	Install pinned verification tools	2026-09-24T03:57:28.9718090Z   Downloading ecdsa-0.19.2-py2.py3-none-any.whl.metadata (29 kB)
verify	Install pinned verification tools	2026-09-24T03:57:28.9858021Z Collecting iniconfig>=1 (from pytest==8.4.2)
verify	Install pinned verification tools	2026-09-24T03:57:28.9887711Z   Downloading iniconfig-2.3.0-py3-none-any.whl.metadata (2.5 kB)
verify	Install pinned verification tools	2026-09-24T03:57:29.0014840Z Collecting pluggy<2,>=1.5 (from pytest==8.4.2)
verify	Install pinned verification tools	2026-09-24T03:57:29.0043855Z   Downloading pluggy-1.6.0-py3-none-any.whl.metadata (4.8 kB)
verify	Install pinned verification tools	2026-09-24T03:57:29.0226110Z Collecting pygments>=2.7.2 (from pytest==8.4.2)
verify	Install pinned verification tools	2026-09-24T03:57:29.0260398Z   Downloading pygments-2.21.0-py3-none-any.whl.metadata (2.5 kB)
verify	Install pinned verification tools	2026-09-24T03:57:29.0390845Z Collecting unidiff (from bc-detect-secrets==1.5.50->checkov==3.3.19)
verify	Install pinned verification tools	2026-09-24T03:57:29.0422592Z   Downloading unidiff-1.0.1-py3-none-any.whl.metadata (8.2 kB)
verify	Install pinned verification tools	2026-09-24T03:57:29.0538979Z Collecting ply (from bc-jsonpath-ng==1.6.1->checkov==3.3.19)
verify	Install pinned verification tools	2026-09-24T03:57:29.0571211Z   Downloading ply-3.11-py2.py3-none-any.whl.metadata (844 bytes)
verify	Install pinned verification tools	2026-09-24T03:57:29.0728570Z Collecting decorator (from bc-jsonpath-ng==1.6.1->checkov==3.3.19)
verify	Install pinned verification tools	2026-09-24T03:57:29.0784518Z   Downloading decorator-5.3.1-py3-none-any.whl.metadata (3.9 kB)
verify	Install pinned verification tools	2026-09-24T03:57:29.0926423Z Collecting lark>=1.0.0 (from bc-python-hcl2==0.4.3->checkov==3.3.19)
verify	Install pinned verification tools	2026-09-24T03:57:29.0959766Z   Downloading lark-1.3.1-py3-none-any.whl.metadata (1.8 kB)
verify	Install pinned verification tools	2026-09-24T03:57:29.3111353Z Collecting botocore<1.36.0,>=1.35.49 (from boto3==1.35.49->checkov==3.3.19)
verify	Install pinned verification tools	2026-09-24T03:57:29.3146906Z   Downloading botocore-1.35.99-py3-none-any.whl.metadata (5.7 kB)
verify	Install pinned verification tools	2026-09-24T03:57:29.3322275Z Collecting s3transfer<0.11.0,>=0.10.0 (from boto3==1.35.49->checkov==3.3.19)
verify	Install pinned verification tools	2026-09-24T03:57:29.3359363Z   Downloading s3transfer-0.10.4-py3-none-any.whl.metadata (1.7 kB)
verify	Install pinned verification tools	2026-09-24T03:57:29.7593986Z Collecting regex>=2022.1.18 (from pycep-parser==0.5.1->checkov==3.3.19)
verify	Install pinned verification tools	2026-09-24T03:57:29.7630045Z   Downloading regex-2026.9.10-cp312-cp312-manylinux2014_x86_64.manylinux_2_17_x86_64.manylinux_2_28_x86_64.whl.metadata (40 kB)
verify	Install pinned verification tools	2026-09-24T03:57:29.8338186Z Collecting pycares<5,>=4.9.0 (from aiodns<4.0.0,>=3.0.0->checkov==3.3.19)
verify	Install pinned verification tools	2026-09-24T03:57:29.8371119Z   Downloading pycares-4.11.0-cp312-cp312-manylinux_2_28_x86_64.whl.metadata (4.5 kB)
verify	Install pinned verification tools	2026-09-24T03:57:29.8529461Z Collecting aiohappyeyeballs>=2.5.0 (from aiohttp<3.15.0,>=3.8.0->checkov==3.3.19)
verify	Install pinned verification tools	2026-09-24T03:57:29.8561162Z   Downloading aiohappyeyeballs-2.7.1-py3-none-any.whl.metadata (5.9 kB)
verify	Install pinned verification tools	2026-09-24T03:57:29.8715033Z Collecting aiosignal>=1.4.0 (from aiohttp<3.15.0,>=3.8.0->checkov==3.3.19)
verify	Install pinned verification tools	2026-09-24T03:57:29.8746309Z   Downloading aiosignal-1.4.0-py3-none-any.whl.metadata (3.7 kB)
verify	Install pinned verification tools	2026-09-24T03:57:29.8893563Z Collecting attrs>=17.3.0 (from aiohttp<3.15.0,>=3.8.0->checkov==3.3.19)
verify	Install pinned verification tools	2026-09-24T03:57:29.8924352Z   Downloading attrs-26.1.0-py3-none-any.whl.metadata (8.8 kB)
verify	Install pinned verification tools	2026-09-24T03:57:29.9567246Z Collecting frozenlist>=1.1.1 (from aiohttp<3.15.0,>=3.8.0->checkov==3.3.19)
verify	Install pinned verification tools	2026-09-24T03:57:29.9601100Z   Downloading frozenlist-1.8.0-cp312-cp312-manylinux1_x86_64.manylinux_2_28_x86_64.manylinux_2_5_x86_64.whl.metadata (20 kB)
verify	Install pinned verification tools	2026-09-24T03:57:30.2041403Z Collecting multidict<7.0,>=4.5 (from aiohttp<3.15.0,>=3.8.0->checkov==3.3.19)
verify	Install pinned verification tools	2026-09-24T03:57:30.2077941Z   Downloading multidict-6.9.1-cp312-cp312-manylinux2014_x86_64.manylinux_2_17_x86_64.manylinux_2_28_x86_64.whl.metadata (5.3 kB)
verify	Install pinned verification tools	2026-09-24T03:57:30.2756071Z Collecting propcache>=0.2.0 (from aiohttp<3.15.0,>=3.8.0->checkov==3.3.19)
verify	Install pinned verification tools	2026-09-24T03:57:30.2803255Z   Downloading propcache-0.5.4-cp312-cp312-manylinux2014_x86_64.manylinux_2_17_x86_64.manylinux_2_28_x86_64.whl.metadata (25 kB)
verify	Install pinned verification tools	2026-09-24T03:57:30.3027623Z Collecting python-dateutil<3.0.0,>=2.1 (from botocore<1.36.0,>=1.35.49->boto3==1.35.49->checkov==3.3.19)
verify	Install pinned verification tools	2026-09-24T03:57:30.3063819Z   Downloading python_dateutil-2.9.0.post0-py2.py3-none-any.whl.metadata (8.4 kB)
verify	Install pinned verification tools	2026-09-24T03:57:30.3258939Z Collecting cached-property (from cloudsplaining<0.8.0,>=0.7.0->checkov==3.3.19)
verify	Install pinned verification tools	2026-09-24T03:57:30.3293618Z   Downloading cached_property-2.0.1-py3-none-any.whl.metadata (10 kB)
verify	Install pinned verification tools	2026-09-24T03:57:30.3431424Z Collecting click-option-group (from cloudsplaining<0.8.0,>=0.7.0->checkov==3.3.19)
verify	Install pinned verification tools	2026-09-24T03:57:30.3461616Z   Downloading click_option_group-0.5.9-py3-none-any.whl.metadata (5.8 kB)
verify	Install pinned verification tools	2026-09-24T03:57:30.3615209Z Collecting jinja2 (from cloudsplaining<0.8.0,>=0.7.0->checkov==3.3.19)
verify	Install pinned verification tools	2026-09-24T03:57:30.3647223Z   Downloading jinja2-3.1.6-py3-none-any.whl.metadata (2.9 kB)
verify	Install pinned verification tools	2026-09-24T03:57:30.3817594Z Collecting markdown (from cloudsplaining<0.8.0,>=0.7.0->checkov==3.3.19)
verify	Install pinned verification tools	2026-09-24T03:57:30.3851522Z   Downloading markdown-3.10.3-py3-none-any.whl.metadata (5.1 kB)
verify	Install pinned verification tools	2026-09-24T03:57:30.4031029Z Collecting policy-sentry<0.14,>=0.13.0 (from cloudsplaining<0.8.0,>=0.7.0->checkov==3.3.19)
verify	Install pinned verification tools	2026-09-24T03:57:30.4075638Z   Downloading policy_sentry-0.13.2-py3-none-any.whl.metadata (1.3 kB)
verify	Install pinned verification tools	2026-09-24T03:57:30.4287192Z Collecting py-serializable<2.0.0,>=1.1.0 (from cyclonedx-python-lib<8.0.0,>=6.0.0->checkov==3.3.19)
verify	Install pinned verification tools	2026-09-24T03:57:30.4319620Z   Downloading py_serializable-1.1.2-py3-none-any.whl.metadata (4.2 kB)
verify	Install pinned verification tools	2026-09-24T03:57:30.4448681Z Collecting sortedcontainers<3.0.0,>=2.4.0 (from cyclonedx-python-lib<8.0.0,>=6.0.0->checkov==3.3.19)
verify	Install pinned verification tools	2026-09-24T03:57:30.4483380Z   Downloading sortedcontainers-2.4.0-py2.py3-none-any.whl.metadata (10 kB)
verify	Install pinned verification tools	2026-09-24T03:57:30.4679293Z Collecting six>=1.9.0 (from ecdsa<1.0.0,>=0.19.0->checkov==3.3.19)
verify	Install pinned verification tools	2026-09-24T03:57:30.4712135Z   Downloading six-1.17.0-py2.py3-none-any.whl.metadata (1.7 kB)
verify	Install pinned verification tools	2026-09-24T03:57:30.4840318Z Collecting gitdb<5,>=4.0.1 (from gitpython<4.0.0,>=3.1.30->checkov==3.3.19)
verify	Install pinned verification tools	2026-09-24T03:57:30.4898038Z   Downloading gitdb-4.0.12-py3-none-any.whl.metadata (1.2 kB)
verify	Install pinned verification tools	2026-09-24T03:57:30.5022816Z Collecting smmap<6,>=3.0.1 (from gitdb<5,>=4.0.1->gitpython<4.0.0,>=3.1.30->checkov==3.3.19)
verify	Install pinned verification tools	2026-09-24T03:57:30.5055109Z   Downloading smmap-5.0.3-py3-none-any.whl.metadata (4.6 kB)
verify	Install pinned verification tools	2026-09-24T03:57:30.5241637Z Collecting zipp>=0.5 (from importlib-metadata<8.0.0,>=6.0.0->checkov==3.3.19)
verify	Install pinned verification tools	2026-09-24T03:57:30.5290228Z   Downloading zipp-4.1.0-py3-none-any.whl.metadata (3.6 kB)
verify	Install pinned verification tools	2026-09-24T03:57:30.5459034Z Collecting jsonschema-specifications>=2023.03.6 (from jsonschema<5.0.0,>=4.17.0->checkov==3.3.19)
verify	Install pinned verification tools	2026-09-24T03:57:30.5495752Z   Downloading jsonschema_specifications-2025.9.1-py3-none-any.whl.metadata (2.9 kB)
verify	Install pinned verification tools	2026-09-24T03:57:30.5698149Z Collecting referencing>=0.28.4 (from jsonschema<5.0.0,>=4.17.0->checkov==3.3.19)
verify	Install pinned verification tools	2026-09-24T03:57:30.5730292Z   Downloading referencing-0.37.0-py3-none-any.whl.metadata (2.8 kB)
verify	Install pinned verification tools	2026-09-24T03:57:30.8862365Z Collecting rpds-py>=0.25.0 (from jsonschema<5.0.0,>=4.17.0->checkov==3.3.19)
verify	Install pinned verification tools	2026-09-24T03:57:30.8902298Z   Downloading rpds_py-2026.6.3-cp312-cp312-manylinux_2_17_x86_64.manylinux2014_x86_64.whl.metadata (4.1 kB)
verify	Install pinned verification tools	2026-09-24T03:57:30.9054999Z Collecting boolean.py>=4.0 (from license-expression<31.0.0,>=30.1.0->checkov==3.3.19)
verify	Install pinned verification tools	2026-09-24T03:57:30.9084423Z   Downloading boolean_py-5.0-py3-none-any.whl.metadata (2.3 kB)
verify	Install pinned verification tools	2026-09-24T03:57:30.9316909Z Collecting beautifulsoup4 (from policy-sentry<0.14,>=0.13.0->cloudsplaining<0.8.0,>=0.7.0->checkov==3.3.19)
verify	Install pinned verification tools	2026-09-24T03:57:30.9350341Z   Downloading beautifulsoup4-4.15.0-py3-none-any.whl.metadata (3.8 kB)
verify	Install pinned verification tools	2026-09-24T03:57:31.1690201Z Collecting orjson (from policy-sentry<0.14,>=0.13.0->cloudsplaining<0.8.0,>=0.7.0->checkov==3.3.19)
verify	Install pinned verification tools	2026-09-24T03:57:31.1723731Z   Downloading orjson-3.12.0-cp312-cp312-manylinux_2_17_x86_64.manylinux2014_x86_64.whl.metadata (41 kB)
verify	Install pinned verification tools	2026-09-24T03:57:31.1937103Z Collecting wcwidth>=0.3.5 (from prettytable<4.0.0,>=3.6.0->checkov==3.3.19)
verify	Install pinned verification tools	2026-09-24T03:57:31.1970277Z   Downloading wcwidth-0.9.1-cp310-abi3-manylinux2014_x86_64.manylinux_2_17_x86_64.whl.metadata (23 kB)
verify	Install pinned verification tools	2026-09-24T03:57:31.2112299Z Collecting defusedxml<0.8.0,>=0.7.1 (from py-serializable<2.0.0,>=1.1.0->cyclonedx-python-lib<8.0.0,>=6.0.0->checkov==3.3.19)
verify	Install pinned verification tools	2026-09-24T03:57:31.2140632Z   Downloading defusedxml-0.7.1-py2.py3-none-any.whl.metadata (32 kB)
verify	Install pinned verification tools	2026-09-24T03:57:31.3198891Z Collecting cffi>=1.5.0 (from pycares<5,>=4.9.0->aiodns<4.0.0,>=3.0.0->checkov==3.3.19)
verify	Install pinned verification tools	2026-09-24T03:57:31.3233824Z   Downloading cffi-2.1.1-cp312-cp312-manylinux2014_x86_64.manylinux_2_17_x86_64.whl.metadata (2.5 kB)
verify	Install pinned verification tools	2026-09-24T03:57:31.3361955Z Collecting annotated-types>=0.6.0 (from pydantic<3.0.0,>=2.0.0->checkov==3.3.19)
verify	Install pinned verification tools	2026-09-24T03:57:31.3393098Z   Downloading annotated_types-0.8.0-py3-none-any.whl.metadata (15 kB)
verify	Install pinned verification tools	2026-09-24T03:57:32.0995788Z Collecting pydantic-core==2.46.5 (from pydantic<3.0.0,>=2.0.0->checkov==3.3.19)
verify	Install pinned verification tools	2026-09-24T03:57:32.1038212Z   Downloading pydantic_core-2.46.5-cp312-cp312-manylinux_2_17_x86_64.manylinux2014_x86_64.whl.metadata (6.6 kB)
verify	Install pinned verification tools	2026-09-24T03:57:32.1183947Z Collecting typing-inspection>=0.4.2 (from pydantic<3.0.0,>=2.0.0->checkov==3.3.19)
verify	Install pinned verification tools	2026-09-24T03:57:32.1215739Z   Downloading typing_inspection-0.4.4-py3-none-any.whl.metadata (2.6 kB)
verify	Install pinned verification tools	2026-09-24T03:57:32.1428937Z Collecting idna<4,>=2.5 (from requests<3.0.0,>=2.28.0->checkov==3.3.19)
verify	Install pinned verification tools	2026-09-24T03:57:32.1459271Z   Downloading idna-3.20-py3-none-any.whl.metadata (7.2 kB)
verify	Install pinned verification tools	2026-09-24T03:57:32.1635249Z Collecting certifi>=2023.5.7 (from requests<3.0.0,>=2.28.0->checkov==3.3.19)
verify	Install pinned verification tools	2026-09-24T03:57:32.1665055Z   Downloading certifi-2026.7.22-py3-none-any.whl.metadata (2.5 kB)
verify	Install pinned verification tools	2026-09-24T03:57:32.3594046Z Collecting numpy<3,>=1.16.0 (from rustworkx<1.0.0,>=0.13.0->checkov==3.3.19)
verify	Install pinned verification tools	2026-09-24T03:57:32.3628020Z   Downloading numpy-2.5.3-cp312-cp312-manylinux_2_27_x86_64.manylinux_2_28_x86_64.whl.metadata (6.6 kB)
verify	Install pinned verification tools	2026-09-24T03:57:32.3952641Z Collecting contextlib2>=0.5.5 (from schema<=0.7.5->checkov==3.3.19)
verify	Install pinned verification tools	2026-09-24T03:57:32.4001028Z   Downloading contextlib2-21.6.0-py2.py3-none-any.whl.metadata (4.1 kB)
verify	Install pinned verification tools	2026-09-24T03:57:32.4200049Z Collecting beartype (from spdx-tools<0.9.0,>=0.8.0->checkov==3.3.19)
verify	Install pinned verification tools	2026-09-24T03:57:32.4232331Z   Downloading beartype-0.22.9-py3-none-any.whl.metadata (37 kB)
verify	Install pinned verification tools	2026-09-24T03:57:32.4503809Z Collecting rdflib (from spdx-tools<0.9.0,>=0.8.0->checkov==3.3.19)
verify	Install pinned verification tools	2026-09-24T03:57:32.4537008Z   Downloading rdflib-7.6.0-py3-none-any.whl.metadata (12 kB)
verify	Install pinned verification tools	2026-09-24T03:57:32.5534405Z Collecting semantic_version (from spdx-tools<0.9.0,>=0.8.0->checkov==3.3.19)
verify	Install pinned verification tools	2026-09-24T03:57:32.5571107Z   Downloading semantic_version-2.10.0-py2.py3-none-any.whl.metadata (9.7 kB)
verify	Install pinned verification tools	2026-09-24T03:57:32.5760467Z Collecting uritools (from spdx-tools<0.9.0,>=0.8.0->checkov==3.3.19)
verify	Install pinned verification tools	2026-09-24T03:57:32.5794953Z   Downloading uritools-6.1.3-py3-none-any.whl.metadata (5.1 kB)
verify	Install pinned verification tools	2026-09-24T03:57:32.5922279Z Collecting xmltodict (from spdx-tools<0.9.0,>=0.8.0->checkov==3.3.19)
verify	Install pinned verification tools	2026-09-24T03:57:32.5956839Z   Downloading xmltodict-1.0.4-py3-none-any.whl.metadata (14 kB)
verify	Install pinned verification tools	2026-09-24T03:57:32.6266737Z Collecting pycparser (from cffi>=1.5.0->pycares<5,>=4.9.0->aiodns<4.0.0,>=3.0.0->checkov==3.3.19)
verify	Install pinned verification tools	2026-09-24T03:57:32.6294756Z   Downloading pycparser-3.0-py3-none-any.whl.metadata (8.2 kB)
verify	Install pinned verification tools	2026-09-24T03:57:32.6629468Z Collecting soupsieve>=1.6.1 (from beautifulsoup4->policy-sentry<0.14,>=0.13.0->cloudsplaining<0.8.0,>=0.7.0->checkov==3.3.19)
verify	Install pinned verification tools	2026-09-24T03:57:32.6659415Z   Downloading soupsieve-2.10-py3-none-any.whl.metadata (4.4 kB)
verify	Install pinned verification tools	2026-09-24T03:57:32.7197386Z Collecting MarkupSafe>=2.0 (from jinja2->cloudsplaining<0.8.0,>=0.7.0->checkov==3.3.19)
verify	Install pinned verification tools	2026-09-24T03:57:32.7231351Z   Downloading markupsafe-3.0.3-cp312-cp312-manylinux2014_x86_64.manylinux_2_17_x86_64.manylinux_2_28_x86_64.whl.metadata (2.7 kB)
verify	Install pinned verification tools	2026-09-24T03:57:32.7554239Z Collecting pyparsing<4,>=2.1.0 (from rdflib->spdx-tools<0.9.0,>=0.8.0->checkov==3.3.19)
verify	Install pinned verification tools	2026-09-24T03:57:32.7586033Z   Downloading pyparsing-3.3.3-py3-none-any.whl.metadata (5.9 kB)
verify	Install pinned verification tools	2026-09-24T03:57:32.7766671Z Downloading checkov-3.3.19-py3-none-any.whl (2.3 MB)
verify	Install pinned verification tools	2026-09-24T03:57:32.8100838Z    ━━━━━━━━━━━━━━━━━━━━━━━━━━━━━━━━━━━━━━━━ 2.3/2.3 MB 70.5 MB/s  0:00:00
verify	Install pinned verification tools	2026-09-24T03:57:32.8139907Z Downloading PyYAML-6.0.2-cp312-cp312-manylinux_2_17_x86_64.manylinux2014_x86_64.whl (767 kB)
verify	Install pinned verification tools	2026-09-24T03:57:32.8898975Z    ━━━━━━━━━━━━━━━━━━━━━━━━━━━━━━━━━━━━━━━━ 767.5/767.5 kB 6.9 MB/s  0:00:00
verify	Install pinned verification tools	2026-09-24T03:57:32.8960522Z Downloading pytest-8.4.2-py3-none-any.whl (365 kB)
verify	Install pinned verification tools	2026-09-24T03:57:32.9043864Z Downloading asteval-1.0.6-py3-none-any.whl (22 kB)
verify	Install pinned verification tools	2026-09-24T03:57:32.9416558Z Downloading bc_detect_secrets-1.5.50-py3-none-any.whl (126 kB)
verify	Install pinned verification tools	2026-09-24T03:57:32.9479117Z Downloading bc_jsonpath_ng-1.6.1-py3-none-any.whl (29 kB)
verify	Install pinned verification tools	2026-09-24T03:57:32.9543749Z Downloading bc_python_hcl2-0.4.3-py3-none-any.whl (15 kB)
verify	Install pinned verification tools	2026-09-24T03:57:32.9604717Z Downloading boto3-1.35.49-py3-none-any.whl (139 kB)
verify	Install pinned verification tools	2026-09-24T03:57:32.9671628Z Downloading dpath-2.1.3-py3-none-any.whl (17 kB)
verify	Install pinned verification tools	2026-09-24T03:57:32.9733354Z Downloading pycep_parser-0.5.1-py3-none-any.whl (23 kB)
verify	Install pinned verification tools	2026-09-24T03:57:32.9783643Z Downloading aiodns-3.6.1-py3-none-any.whl (8.0 kB)
verify	Install pinned verification tools	2026-09-24T03:57:32.9831694Z Downloading aiohttp-3.14.3-cp312-cp312-manylinux2014_x86_64.manylinux_2_17_x86_64.manylinux_2_28_x86_64.whl (1.8 MB)
verify	Install pinned verification tools	2026-09-24T03:57:32.9946901Z    ━━━━━━━━━━━━━━━━━━━━━━━━━━━━━━━━━━━━━━━━ 1.8/1.8 MB 171.8 MB/s  0:00:00
verify	Install pinned verification tools	2026-09-24T03:57:32.9998167Z Downloading aiomultiprocess-0.9.1-py3-none-any.whl (17 kB)
verify	Install pinned verification tools	2026-09-24T03:57:33.0046874Z Downloading argcomplete-3.7.2-py3-none-any.whl (43 kB)
verify	Install pinned verification tools	2026-09-24T03:57:33.0177223Z Downloading botocore-1.35.99-py3-none-any.whl (13.3 MB)
verify	Install pinned verification tools	2026-09-24T03:57:33.1058495Z    ━━━━━━━━━━━━━━━━━━━━━━━━━━━━━━━━━━━━━━━━ 13.3/13.3 MB 153.0 MB/s  0:00:00
verify	Install pinned verification tools	2026-09-24T03:57:33.1093827Z Downloading cachetools-5.5.2-py3-none-any.whl (10 kB)
verify	Install pinned verification tools	2026-09-24T03:57:33.1148251Z Downloading charset_normalizer-3.5.1-cp312-cp312-manylinux2014_x86_64.manylinux_2_17_x86_64.manylinux_2_28_x86_64.whl (248 kB)
verify	Install pinned verification tools	2026-09-24T03:57:33.1204447Z Downloading click-8.5.0-py3-none-any.whl (125 kB)
verify	Install pinned verification tools	2026-09-24T03:57:33.1261000Z Downloading cloudsplaining-0.7.0-py3-none-any.whl (1.8 MB)
verify	Install pinned verification tools	2026-09-24T03:57:33.1396675Z    ━━━━━━━━━━━━━━━━━━━━━━━━━━━━━━━━━━━━━━━━ 1.8/1.8 MB 148.2 MB/s  0:00:00
verify	Install pinned verification tools	2026-09-24T03:57:33.1430654Z Downloading colorama-0.4.6-py2.py3-none-any.whl (25 kB)
verify	Install pinned verification tools	2026-09-24T03:57:33.1483038Z Downloading configargparse-1.7.7-py3-none-any.whl (34 kB)
verify	Install pinned verification tools	2026-09-24T03:57:33.1535332Z Downloading cyclonedx_python_lib-7.6.2-py3-none-any.whl (361 kB)
verify	Install pinned verification tools	2026-09-24T03:57:33.1631825Z Downloading docker-7.2.0-py3-none-any.whl (148 kB)
verify	Install pinned verification tools	2026-09-24T03:57:33.1684772Z Downloading dockerfile_parse-2.0.1-py2.py3-none-any.whl (14 kB)
verify	Install pinned verification tools	2026-09-24T03:57:33.1735913Z Downloading ecdsa-0.19.2-py2.py3-none-any.whl (150 kB)
verify	Install pinned verification tools	2026-09-24T03:57:33.1791997Z Downloading gitpython-3.1.62-py3-none-any.whl (222 kB)
verify	Install pinned verification tools	2026-09-24T03:57:33.1845305Z Downloading gitdb-4.0.12-py3-none-any.whl (62 kB)
verify	Install pinned verification tools	2026-09-24T03:57:33.1922656Z Downloading importlib_metadata-7.2.1-py3-none-any.whl (25 kB)
verify	Install pinned verification tools	2026-09-24T03:57:33.1980109Z Downloading jmespath-1.1.0-py3-none-any.whl (20 kB)
verify	Install pinned verification tools	2026-09-24T03:57:33.2039959Z Downloading jsonschema-4.26.0-py3-none-any.whl (90 kB)
verify	Install pinned verification tools	2026-09-24T03:57:33.2094853Z Downloading junit_xml-1.9-py2.py3-none-any.whl (7.1 kB)
verify	Install pinned verification tools	2026-09-24T03:57:33.2310024Z Downloading license_expression-30.4.4-py3-none-any.whl (120 kB)
verify	Install pinned verification tools	2026-09-24T03:57:33.2370503Z Downloading multidict-6.9.1-cp312-cp312-manylinux2014_x86_64.manylinux_2_17_x86_64.manylinux_2_28_x86_64.whl (336 kB)
verify	Install pinned verification tools	2026-09-24T03:57:33.2434828Z Downloading networkx-2.6.3-py3-none-any.whl (1.9 MB)
verify	Install pinned verification tools	2026-09-24T03:57:33.2618157Z    ━━━━━━━━━━━━━━━━━━━━━━━━━━━━━━━━━━━━━━━━ 1.9/1.9 MB 107.8 MB/s  0:00:00
verify	Install pinned verification tools	2026-09-24T03:57:33.2669494Z Downloading packageurl_python-0.13.4-py3-none-any.whl (26 kB)
verify	Install pinned verification tools	2026-09-24T03:57:33.2721364Z Downloading packaging-23.2-py3-none-any.whl (53 kB)
verify	Install pinned verification tools	2026-09-24T03:57:33.2772331Z Downloading platformdirs-4.11.12-py3-none-any.whl (24 kB)
verify	Install pinned verification tools	2026-09-24T03:57:33.2828996Z Downloading pluggy-1.6.0-py3-none-any.whl (20 kB)
verify	Install pinned verification tools	2026-09-24T03:57:33.2882016Z Downloading policy_sentry-0.13.2-py3-none-any.whl (966 kB)
verify	Install pinned verification tools	2026-09-24T03:57:33.2952745Z    ━━━━━━━━━━━━━━━━━━━━━━━━━━━━━━━━━━━━━━━━ 966.6/966.6 kB 168.6 MB/s  0:00:00
verify	Install pinned verification tools	2026-09-24T03:57:33.2983057Z Downloading prettytable-3.18.0-py3-none-any.whl (37 kB)
verify	Install pinned verification tools	2026-09-24T03:57:33.3032347Z Downloading py_serializable-1.1.2-py3-none-any.whl (22 kB)
verify	Install pinned verification tools	2026-09-24T03:57:33.3080434Z Downloading defusedxml-0.7.1-py2.py3-none-any.whl (25 kB)
verify	Install pinned verification tools	2026-09-24T03:57:33.3128924Z Downloading pycares-4.11.0-cp312-cp312-manylinux_2_28_x86_64.whl (641 kB)
verify	Install pinned verification tools	2026-09-24T03:57:33.3206700Z    ━━━━━━━━━━━━━━━━━━━━━━━━━━━━━━━━━━━━━━━━ 641.1/641.1 kB 79.7 MB/s  0:00:00
verify	Install pinned verification tools	2026-09-24T03:57:33.3239601Z Downloading pydantic-2.13.5-py3-none-any.whl (472 kB)
verify	Install pinned verification tools	2026-09-24T03:57:33.3311567Z Downloading pydantic_core-2.46.5-cp312-cp312-manylinux_2_17_x86_64.manylinux2014_x86_64.whl (2.1 MB)
verify	Install pinned verification tools	2026-09-24T03:57:33.3426890Z    ━━━━━━━━━━━━━━━━━━━━━━━━━━━━━━━━━━━━━━━━ 2.1/2.1 MB 229.0 MB/s  0:00:00
verify	Install pinned verification tools	2026-09-24T03:57:33.3460146Z Downloading python_dateutil-2.9.0.post0-py2.py3-none-any.whl (229 kB)
verify	Install pinned verification tools	2026-09-24T03:57:33.3541802Z Downloading requests-2.34.2-py3-none-any.whl (73 kB)
verify	Install pinned verification tools	2026-09-24T03:57:33.3598665Z Downloading idna-3.20-py3-none-any.whl (69 kB)
verify	Install pinned verification tools	2026-09-24T03:57:33.3651269Z Downloading rustworkx-0.18.1-cp310-abi3-manylinux2014_x86_64.manylinux_2_17_x86_64.whl (2.4 MB)
verify	Install pinned verification tools	2026-09-24T03:57:33.3962961Z    ━━━━━━━━━━━━━━━━━━━━━━━━━━━━━━━━━━━━━━━━ 2.4/2.4 MB 75.3 MB/s  0:00:00
verify	Install pinned verification tools	2026-09-24T03:57:33.3995527Z Downloading numpy-2.5.3-cp312-cp312-manylinux_2_27_x86_64.manylinux_2_28_x86_64.whl (16.7 MB)
verify	Install pinned verification tools	2026-09-24T03:57:33.4652680Z    ━━━━━━━━━━━━━━━━━━━━━━━━━━━━━━━━━━━━━━━━ 16.7/16.7 MB 261.2 MB/s  0:00:00
verify	Install pinned verification tools	2026-09-24T03:57:33.4691237Z Downloading s3transfer-0.10.4-py3-none-any.whl (83 kB)
verify	Install pinned verification tools	2026-09-24T03:57:33.4746495Z Downloading schema-0.7.5-py2.py3-none-any.whl (17 kB)
verify	Install pinned verification tools	2026-09-24T03:57:33.4930610Z Downloading smmap-5.0.3-py3-none-any.whl (24 kB)
verify	Install pinned verification tools	2026-09-24T03:57:33.4985682Z Downloading sortedcontainers-2.4.0-py2.py3-none-any.whl (29 kB)
verify	Install pinned verification tools	2026-09-24T03:57:33.5040351Z Downloading spdx_tools-0.8.5-py3-none-any.whl (286 kB)
verify	Install pinned verification tools	2026-09-24T03:57:33.5115949Z Downloading tabulate-0.9.0-py3-none-any.whl (35 kB)
verify	Install pinned verification tools	2026-09-24T03:57:33.5165406Z Downloading termcolor-2.3.0-py3-none-any.whl (6.9 kB)
verify	Install pinned verification tools	2026-09-24T03:57:33.5216102Z Downloading tqdm-4.70.1-py3-none-any.whl (80 kB)
verify	Install pinned verification tools	2026-09-24T03:57:33.5268258Z Downloading typing_extensions-4.16.0-py3-none-any.whl (45 kB)
verify	Install pinned verification tools	2026-09-24T03:57:33.5319345Z Downloading urllib3-2.8.0-py3-none-any.whl (135 kB)
verify	Install pinned verification tools	2026-09-24T03:57:33.5373657Z Downloading yarl-1.25.1-cp312-cp312-manylinux2014_x86_64.manylinux_2_17_x86_64.manylinux_2_28_x86_64.whl (117 kB)
verify	Install pinned verification tools	2026-09-24T03:57:33.5429844Z Downloading aiohappyeyeballs-2.7.1-py3-none-any.whl (15 kB)
verify	Install pinned verification tools	2026-09-24T03:57:33.5481746Z Downloading aiosignal-1.4.0-py3-none-any.whl (7.5 kB)
verify	Install pinned verification tools	2026-09-24T03:57:33.5533395Z Downloading annotated_types-0.8.0-py3-none-any.whl (13 kB)
verify	Install pinned verification tools	2026-09-24T03:57:33.5584159Z Downloading attrs-26.1.0-py3-none-any.whl (67 kB)
verify	Install pinned verification tools	2026-09-24T03:57:33.5636595Z Downloading boolean_py-5.0-py3-none-any.whl (26 kB)
verify	Install pinned verification tools	2026-09-24T03:57:33.5688712Z Downloading certifi-2026.7.22-py3-none-any.whl (136 kB)
verify	Install pinned verification tools	2026-09-24T03:57:33.5748753Z Downloading cffi-2.1.1-cp312-cp312-manylinux2014_x86_64.manylinux_2_17_x86_64.whl (221 kB)
verify	Install pinned verification tools	2026-09-24T03:57:33.5804580Z Downloading contextlib2-21.6.0-py2.py3-none-any.whl (13 kB)
verify	Install pinned verification tools	2026-09-24T03:57:33.5856694Z Downloading frozenlist-1.8.0-cp312-cp312-manylinux1_x86_64.manylinux_2_28_x86_64.manylinux_2_5_x86_64.whl (242 kB)
verify	Install pinned verification tools	2026-09-24T03:57:33.5911500Z Downloading iniconfig-2.3.0-py3-none-any.whl (7.5 kB)
verify	Install pinned verification tools	2026-09-24T03:57:33.5961218Z Downloading jsonschema_specifications-2025.9.1-py3-none-any.whl (18 kB)
verify	Install pinned verification tools	2026-09-24T03:57:33.6011935Z Downloading lark-1.3.1-py3-none-any.whl (113 kB)
verify	Install pinned verification tools	2026-09-24T03:57:33.6110917Z Downloading propcache-0.5.4-cp312-cp312-manylinux2014_x86_64.manylinux_2_17_x86_64.manylinux_2_28_x86_64.whl (250 kB)
verify	Install pinned verification tools	2026-09-24T03:57:33.6169113Z Downloading pygments-2.21.0-py3-none-any.whl (1.3 MB)
verify	Install pinned verification tools	2026-09-24T03:57:33.6239662Z    ━━━━━━━━━━━━━━━━━━━━━━━━━━━━━━━━━━━━━━━━ 1.3/1.3 MB 218.1 MB/s  0:00:00
verify	Install pinned verification tools	2026-09-24T03:57:33.6272931Z Downloading referencing-0.37.0-py3-none-any.whl (26 kB)
verify	Install pinned verification tools	2026-09-24T03:57:33.6329359Z Downloading regex-2026.9.10-cp312-cp312-manylinux2014_x86_64.manylinux_2_17_x86_64.manylinux_2_28_x86_64.whl (804 kB)
verify	Install pinned verification tools	2026-09-24T03:57:33.6385499Z    ━━━━━━━━━━━━━━━━━━━━━━━━━━━━━━━━━━━━━━━━ 804.6/804.6 kB 165.8 MB/s  0:00:00
verify	Install pinned verification tools	2026-09-24T03:57:33.6419213Z Downloading rpds_py-2026.6.3-cp312-cp312-manylinux_2_17_x86_64.manylinux2014_x86_64.whl (366 kB)
verify	Install pinned verification tools	2026-09-24T03:57:33.6475877Z Downloading six-1.17.0-py2.py3-none-any.whl (11 kB)
verify	Install pinned verification tools	2026-09-24T03:57:33.6525604Z Downloading typing_inspection-0.4.4-py3-none-any.whl (14 kB)
verify	Install pinned verification tools	2026-09-24T03:57:33.6577446Z Downloading wcwidth-0.9.1-cp310-abi3-manylinux2014_x86_64.manylinux_2_17_x86_64.whl (768 kB)
verify	Install pinned verification tools	2026-09-24T03:57:33.6632079Z    ━━━━━━━━━━━━━━━━━━━━━━━━━━━━━━━━━━━━━━━━ 768.4/768.4 kB 166.2 MB/s  0:00:00
verify	Install pinned verification tools	2026-09-24T03:57:33.6665607Z Downloading zipp-4.1.0-py3-none-any.whl (10 kB)
verify	Install pinned verification tools	2026-09-24T03:57:33.6720064Z Downloading beartype-0.22.9-py3-none-any.whl (1.3 MB)
verify	Install pinned verification tools	2026-09-24T03:57:33.6819455Z    ━━━━━━━━━━━━━━━━━━━━━━━━━━━━━━━━━━━━━━━━ 1.3/1.3 MB 143.2 MB/s  0:00:00
verify	Install pinned verification tools	2026-09-24T03:57:33.6851354Z Downloading beautifulsoup4-4.15.0-py3-none-any.whl (109 kB)
verify	Install pinned verification tools	2026-09-24T03:57:33.6904469Z Downloading soupsieve-2.10-py3-none-any.whl (38 kB)
verify	Install pinned verification tools	2026-09-24T03:57:33.6952399Z Downloading cached_property-2.0.1-py3-none-any.whl (7.4 kB)
verify	Install pinned verification tools	2026-09-24T03:57:33.7005466Z Downloading click_option_group-0.5.9-py3-none-any.whl (11 kB)
verify	Install pinned verification tools	2026-09-24T03:57:33.7054093Z Downloading decorator-5.3.1-py3-none-any.whl (10 kB)
verify	Install pinned verification tools	2026-09-24T03:57:33.7104127Z Downloading jinja2-3.1.6-py3-none-any.whl (134 kB)
verify	Install pinned verification tools	2026-09-24T03:57:33.7159276Z Downloading markupsafe-3.0.3-cp312-cp312-manylinux2014_x86_64.manylinux_2_17_x86_64.manylinux_2_28_x86_64.whl (22 kB)
verify	Install pinned verification tools	2026-09-24T03:57:33.7211132Z Downloading markdown-3.10.3-py3-none-any.whl (110 kB)
verify	Install pinned verification tools	2026-09-24T03:57:33.7265900Z Downloading orjson-3.12.0-cp312-cp312-manylinux_2_17_x86_64.manylinux2014_x86_64.whl (131 kB)
verify	Install pinned verification tools	2026-09-24T03:57:33.7334717Z Downloading ply-3.11-py2.py3-none-any.whl (49 kB)
verify	Install pinned verification tools	2026-09-24T03:57:33.7389403Z Downloading pycparser-3.0-py3-none-any.whl (48 kB)
verify	Install pinned verification tools	2026-09-24T03:57:33.7445559Z Downloading rdflib-7.6.0-py3-none-any.whl (615 kB)
verify	Install pinned verification tools	2026-09-24T03:57:33.7521884Z    ━━━━━━━━━━━━━━━━━━━━━━━━━━━━━━━━━━━━━━━━ 615.4/615.4 kB 87.0 MB/s  0:00:00
verify	Install pinned verification tools	2026-09-24T03:57:33.7555557Z Downloading pyparsing-3.3.3-py3-none-any.whl (126 kB)
verify	Install pinned verification tools	2026-09-24T03:57:33.7610149Z Downloading semantic_version-2.10.0-py2.py3-none-any.whl (15 kB)
verify	Install pinned verification tools	2026-09-24T03:57:33.7662771Z Downloading unidiff-1.0.1-py3-none-any.whl (18 kB)
verify	Install pinned verification tools	2026-09-24T03:57:33.7713024Z Downloading uritools-6.1.3-py3-none-any.whl (11 kB)
verify	Install pinned verification tools	2026-09-24T03:57:33.7767677Z Downloading xmltodict-1.0.4-py3-none-any.whl (13 kB)
verify	Install pinned verification tools	2026-09-24T03:57:34.3315063Z Installing collected packages: sortedcontainers, ply, boolean.py, zipp, xmltodict, wcwidth, urllib3, uritools, unidiff, typing-extensions, tqdm, termcolor, tabulate, soupsieve, smmap, six, semantic_version, rpds-py, regex, pyyaml, pyparsing, pygments, pycparser, propcache, pluggy, platformdirs, packaging, packageurl-python, orjson, numpy, networkx, multidict, MarkupSafe, markdown, license-expression, lark, jmespath, iniconfig, idna, frozenlist, dpath, dockerfile-parse, defusedxml, decorator, contextlib2, configargparse, colorama, click, charset-normalizer, certifi, cachetools, cached-property, beartype, attrs, asteval, argcomplete, annotated-types, aiomultiprocess, aiohappyeyeballs, yarl, typing-inspection, schema, rustworkx, requests, referencing, rdflib, python-dateutil, pytest, pydantic-core, pycep-parser, py-serializable, prettytable, junit-xml, jinja2, importlib-metadata, gitdb, ecdsa, click-option-group, cffi, beautifulsoup4, bc-python-hcl2, bc-jsonpath-ng, aiosignal, spdx-tools, pydantic, pycares, policy-sentry, jsonschema-specifications, gitpython, docker, cyclonedx-python-lib, botocore, bc-detect-secrets, aiohttp, s3transfer, jsonschema, aiodns, boto3, cloudsplaining, checkov
verify	Install pinned verification tools	2026-09-24T03:57:46.0286087Z 
verify	Install pinned verification tools	2026-09-24T03:57:46.0374285Z Successfully installed MarkupSafe-3.0.3 aiodns-3.6.1 aiohappyeyeballs-2.7.1 aiohttp-3.14.3 aiomultiprocess-0.9.1 aiosignal-1.4.0 annotated-types-0.8.0 argcomplete-3.7.2 asteval-1.0.6 attrs-26.1.0 bc-detect-secrets-1.5.50 bc-jsonpath-ng-1.6.1 bc-python-hcl2-0.4.3 beartype-0.22.9 beautifulsoup4-4.15.0 boolean.py-5.0 boto3-1.35.49 botocore-1.35.99 cached-property-2.0.1 cachetools-5.5.2 certifi-2026.7.22 cffi-2.1.1 charset-normalizer-3.5.1 checkov-3.3.19 click-8.5.0 click-option-group-0.5.9 cloudsplaining-0.7.0 colorama-0.4.6 configargparse-1.7.7 contextlib2-21.6.0 cyclonedx-python-lib-7.6.2 decorator-5.3.1 defusedxml-0.7.1 docker-7.2.0 dockerfile-parse-2.0.1 dpath-2.1.3 ecdsa-0.19.2 frozenlist-1.8.0 gitdb-4.0.12 gitpython-3.1.62 idna-3.20 importlib-metadata-7.2.1 iniconfig-2.3.0 jinja2-3.1.6 jmespath-1.1.0 jsonschema-4.26.0 jsonschema-specifications-2025.9.1 junit-xml-1.9 lark-1.3.1 license-expression-30.4.4 markdown-3.10.3 multidict-6.9.1 networkx-2.6.3 numpy-2.5.3 orjson-3.12.0 packageurl-python-0.13.4 packaging-23.2 platformdirs-4.11.12 pluggy-1.6.0 ply-3.11 policy-sentry-0.13.2 prettytable-3.18.0 propcache-0.5.4 py-serializable-1.1.2 pycares-4.11.0 pycep-parser-0.5.1 pycparser-3.0 pydantic-2.13.5 pydantic-core-2.46.5 pygments-2.21.0 pyparsing-3.3.3 pytest-8.4.2 python-dateutil-2.9.0.post0 pyyaml-6.0.2 rdflib-7.6.0 referencing-0.37.0 regex-2026.9.10 requests-2.34.2 rpds-py-2026.6.3 rustworkx-0.18.1 s3transfer-0.10.4 schema-0.7.5 semantic_version-2.10.0 six-1.17.0 smmap-5.0.3 sortedcontainers-2.4.0 soupsieve-2.10 spdx-tools-0.8.5 tabulate-0.9.0 termcolor-2.3.0 tqdm-4.70.1 typing-extensions-4.16.0 typing-inspection-0.4.4 unidiff-1.0.1 uritools-6.1.3 urllib3-2.8.0 wcwidth-0.9.1 xmltodict-1.0.4 yarl-1.25.1 zipp-4.1.0
verify	Print verification tool versions	﻿2026-09-24T03:57:46.4497220Z ##[group]Run python --version
verify	Print verification tool versions	2026-09-24T03:57:46.4497644Z [36;1mpython --version[0m
verify	Print verification tool versions	2026-09-24T03:57:46.4497972Z [36;1mterraform version[0m
verify	Print verification tool versions	2026-09-24T03:57:46.4498492Z [36;1mcheckov --version[0m
verify	Print verification tool versions	2026-09-24T03:57:46.4498793Z [36;1mgh --version[0m
verify	Print verification tool versions	2026-09-24T03:57:46.4499074Z [36;1mgh auth status[0m
verify	Print verification tool versions	2026-09-24T03:57:46.4537060Z shell: /usr/bin/bash -e {0}
verify	Print verification tool versions	2026-09-24T03:57:46.4537408Z env:
verify	Print verification tool versions	2026-09-24T03:57:46.4537881Z   TERRAFORM_CLI_PATH: /home/runner/work/_temp/8df878e4-2b27-4f2d-830b-c80e17f11dcd
verify	Print verification tool versions	2026-09-24T03:57:46.4538573Z   pythonLocation: /opt/hostedtoolcache/Python/3.12.14/x64
verify	Print verification tool versions	2026-09-24T03:57:46.4539203Z   PKG_CONFIG_PATH: /opt/hostedtoolcache/Python/3.12.14/x64/lib/pkgconfig
verify	Print verification tool versions	2026-09-24T03:57:46.4539834Z   Python_ROOT_DIR: /opt/hostedtoolcache/Python/3.12.14/x64
verify	Print verification tool versions	2026-09-24T03:57:46.4540390Z   Python2_ROOT_DIR: /opt/hostedtoolcache/Python/3.12.14/x64
verify	Print verification tool versions	2026-09-24T03:57:46.4540947Z   Python3_ROOT_DIR: /opt/hostedtoolcache/Python/3.12.14/x64
verify	Print verification tool versions	2026-09-24T03:57:46.4541508Z   LD_LIBRARY_PATH: /opt/hostedtoolcache/Python/3.12.14/x64/lib
verify	Print verification tool versions	2026-09-24T03:57:46.4545811Z   GH_TOKEN: ***
verify	Print verification tool versions	2026-09-24T03:57:46.4546108Z ##[endgroup]
verify	Print verification tool versions	2026-09-24T03:57:46.4627548Z Python 3.12.14
verify	Print verification tool versions	2026-09-24T03:57:48.7454415Z Terraform v1.16.4
verify	Print verification tool versions	2026-09-24T03:57:48.7455158Z on linux_amd64
verify	Print verification tool versions	2026-09-24T03:57:52.1683917Z 3.3.19
verify	Print verification tool versions	2026-09-24T03:57:52.8707913Z gh version 2.100.0 (2026-09-03)
verify	Print verification tool versions	2026-09-24T03:57:52.8717085Z https://github.com/cli/cli/releases/tag/v2.100.0
verify	Print verification tool versions	2026-09-24T03:57:53.1964914Z github.com
verify	Print verification tool versions	2026-09-24T03:57:53.1967089Z   ✓ Logged in to github.com account github-actions[bot] (GH_TOKEN)
verify	Print verification tool versions	2026-09-24T03:57:53.1968731Z   - Active account: true
verify	Print verification tool versions	2026-09-24T03:57:53.1969939Z   - Git operations protocol: https
verify	Print verification tool versions	2026-09-24T03:57:53.1973032Z   - Token: ghs_*************************************************************************************************************************************************************************************************************************************************************************************************************************************************************************************
verify	Generate fresh Day 3 evidence	﻿2026-09-24T03:57:53.2035753Z ##[group]Run python scripts/build_day3_artifact.py \
verify	Generate fresh Day 3 evidence	2026-09-24T03:57:53.2036759Z [36;1mpython scripts/build_day3_artifact.py \[0m
verify	Generate fresh Day 3 evidence	2026-09-24T03:57:53.2037317Z [36;1m  --output evidence/day3-deployment.zip \[0m
verify	Generate fresh Day 3 evidence	2026-09-24T03:57:53.2037873Z [36;1m  --manifest evidence/day3-ci-binding.json \[0m
verify	Generate fresh Day 3 evidence	2026-09-24T03:57:53.2038375Z [36;1m  --evidence-dir evidence[0m
verify	Generate fresh Day 3 evidence	2026-09-24T03:57:53.2077466Z shell: /usr/bin/bash -e {0}
verify	Generate fresh Day 3 evidence	2026-09-24T03:57:53.2077847Z env:
verify	Generate fresh Day 3 evidence	2026-09-24T03:57:53.2078365Z   TERRAFORM_CLI_PATH: /home/runner/work/_temp/8df878e4-2b27-4f2d-830b-c80e17f11dcd
verify	Generate fresh Day 3 evidence	2026-09-24T03:57:53.2079141Z   pythonLocation: /opt/hostedtoolcache/Python/3.12.14/x64
verify	Generate fresh Day 3 evidence	2026-09-24T03:57:53.2079829Z   PKG_CONFIG_PATH: /opt/hostedtoolcache/Python/3.12.14/x64/lib/pkgconfig
verify	Generate fresh Day 3 evidence	2026-09-24T03:57:53.2080519Z   Python_ROOT_DIR: /opt/hostedtoolcache/Python/3.12.14/x64
verify	Generate fresh Day 3 evidence	2026-09-24T03:57:53.2081133Z   Python2_ROOT_DIR: /opt/hostedtoolcache/Python/3.12.14/x64
verify	Generate fresh Day 3 evidence	2026-09-24T03:57:53.2081748Z   Python3_ROOT_DIR: /opt/hostedtoolcache/Python/3.12.14/x64
verify	Generate fresh Day 3 evidence	2026-09-24T03:57:53.2082415Z   LD_LIBRARY_PATH: /opt/hostedtoolcache/Python/3.12.14/x64/lib
verify	Generate fresh Day 3 evidence	2026-09-24T03:57:53.2082941Z ##[endgroup]
verify	Generate fresh Day 3 evidence	2026-09-24T03:57:53.3236657Z {"source_sha256": "0fdd74862a3f6ec771efe67b899ab5958155b8aeb60666da88d4a884f2f93e0b", "artifact_sha256": "a02d2597e3a9d54c95222103f7cc1ba19849f570ad7551576f0613428744dcad", "artifact": "/home/runner/work/insighthub/insighthub/evidence/day3-deployment.zip"}
verify	Record fingerprint and evidence metadata	﻿2026-09-24T03:57:53.3375290Z ##[group]Run python scripts/verify.py fingerprint
verify	Record fingerprint and evidence metadata	2026-09-24T03:57:53.3375897Z [36;1mpython scripts/verify.py fingerprint[0m
verify	Record fingerprint and evidence metadata	2026-09-24T03:57:53.3377042Z [36;1mpython -c "import json; print(json.dumps(json.load(open('evidence/day3-ci-binding.json')), indent=2))"[0m
verify	Record fingerprint and evidence metadata	2026-09-24T03:57:53.3378480Z [36;1mpython -c "import json; d=json.load(open('evidence/day3.json')); print(json.dumps({k:d.get(k) for k in ('schema_version','day','mode','source_sha256','artifacts')}, indent=2))"[0m
verify	Record fingerprint and evidence metadata	2026-09-24T03:57:53.3417702Z shell: /usr/bin/bash -e {0}
verify	Record fingerprint and evidence metadata	2026-09-24T03:57:53.3418087Z env:
verify	Record fingerprint and evidence metadata	2026-09-24T03:57:53.3418780Z   TERRAFORM_CLI_PATH: /home/runner/work/_temp/8df878e4-2b27-4f2d-830b-c80e17f11dcd
verify	Record fingerprint and evidence metadata	2026-09-24T03:57:53.3419548Z   pythonLocation: /opt/hostedtoolcache/Python/3.12.14/x64
verify	Record fingerprint and evidence metadata	2026-09-24T03:57:53.3420240Z   PKG_CONFIG_PATH: /opt/hostedtoolcache/Python/3.12.14/x64/lib/pkgconfig
verify	Record fingerprint and evidence metadata	2026-09-24T03:57:53.3420944Z   Python_ROOT_DIR: /opt/hostedtoolcache/Python/3.12.14/x64
verify	Record fingerprint and evidence metadata	2026-09-24T03:57:53.3421572Z   Python2_ROOT_DIR: /opt/hostedtoolcache/Python/3.12.14/x64
verify	Record fingerprint and evidence metadata	2026-09-24T03:57:53.3422228Z   Python3_ROOT_DIR: /opt/hostedtoolcache/Python/3.12.14/x64
verify	Record fingerprint and evidence metadata	2026-09-24T03:57:53.3422850Z   LD_LIBRARY_PATH: /opt/hostedtoolcache/Python/3.12.14/x64/lib
verify	Record fingerprint and evidence metadata	2026-09-24T03:57:53.3423373Z ##[endgroup]
verify	Record fingerprint and evidence metadata	2026-09-24T03:57:53.4502592Z 0fdd74862a3f6ec771efe67b899ab5958155b8aeb60666da88d4a884f2f93e0b
verify	Record fingerprint and evidence metadata	2026-09-24T03:57:53.4802843Z {
verify	Record fingerprint and evidence metadata	2026-09-24T03:57:53.4803769Z   "source_sha256": "0fdd74862a3f6ec771efe67b899ab5958155b8aeb60666da88d4a884f2f93e0b",
verify	Record fingerprint and evidence metadata	2026-09-24T03:57:53.4805281Z   "artifact_sha256": "a02d2597e3a9d54c95222103f7cc1ba19849f570ad7551576f0613428744dcad"
verify	Record fingerprint and evidence metadata	2026-09-24T03:57:53.4806681Z }
verify	Record fingerprint and evidence metadata	2026-09-24T03:57:53.5015532Z {
verify	Record fingerprint and evidence metadata	2026-09-24T03:57:53.5016093Z   "schema_version": 1,
verify	Record fingerprint and evidence metadata	2026-09-24T03:57:53.5016880Z   "day": 3,
verify	Record fingerprint and evidence metadata	2026-09-24T03:57:53.5017350Z   "mode": "real",
verify	Record fingerprint and evidence metadata	2026-09-24T03:57:53.5018278Z   "source_sha256": "0fdd74862a3f6ec771efe67b899ab5958155b8aeb60666da88d4a884f2f93e0b",
verify	Record fingerprint and evidence metadata	2026-09-24T03:57:53.5019400Z   "artifacts": {
verify	Record fingerprint and evidence metadata	2026-09-24T03:57:53.5019907Z     "deployment": {
verify	Record fingerprint and evidence metadata	2026-09-24T03:57:53.5020512Z       "path": "evidence/day3-deployment.zip",
verify	Record fingerprint and evidence metadata	2026-09-24T03:57:53.5021355Z       "sha256": "a02d2597e3a9d54c95222103f7cc1ba19849f570ad7551576f0613428744dcad"
verify	Record fingerprint and evidence metadata	2026-09-24T03:57:53.5022009Z     },
verify	Record fingerprint and evidence metadata	2026-09-24T03:57:53.5022411Z     "ci_binding": {
verify	Record fingerprint and evidence metadata	2026-09-24T03:57:53.5022941Z       "path": "evidence/day3-ci-binding.json",
verify	Record fingerprint and evidence metadata	2026-09-24T03:57:53.5023925Z       "sha256": "47bb9b2328ae5d18f056c1b9d1e715e1ef2f8e1e751a1cec842588299ce8ecdd"
verify	Record fingerprint and evidence metadata	2026-09-24T03:57:53.5024948Z     }
verify	Record fingerprint and evidence metadata	2026-09-24T03:57:53.5025376Z   }
verify	Record fingerprint and evidence metadata	2026-09-24T03:57:53.5025814Z }
verify	Run official Day 3 verifier	﻿2026-09-24T03:57:53.5083812Z ##[group]Run set -euo pipefail
verify	Run official Day 3 verifier	2026-09-24T03:57:53.5084199Z [36;1mset -euo pipefail[0m
verify	Run official Day 3 verifier	2026-09-24T03:57:53.5084513Z [36;1mbash scripts/verify-day-3.sh \[0m
verify	Run official Day 3 verifier	2026-09-24T03:57:53.5084879Z [36;1m  --ci-repo giang6996/insighthub \[0m
verify	Run official Day 3 verifier	2026-09-24T03:57:53.5085231Z [36;1m  --ci-run-id 35949605102 \[0m
verify	Run official Day 3 verifier	2026-09-24T03:57:53.5085556Z [36;1m  --evidence-dir evidence \[0m
verify	Run official Day 3 verifier	2026-09-24T03:57:53.5085866Z [36;1m  --json \[0m
verify	Run official Day 3 verifier	2026-09-24T03:57:53.5086450Z [36;1m  | tee evidence/day3-verifier-result.json[0m
verify	Run official Day 3 verifier	2026-09-24T03:57:53.5124837Z shell: /usr/bin/bash --noprofile --norc -e -o pipefail {0}
verify	Run official Day 3 verifier	2026-09-24T03:57:53.5125322Z env:
verify	Run official Day 3 verifier	2026-09-24T03:57:53.5125792Z   TERRAFORM_CLI_PATH: /home/runner/work/_temp/8df878e4-2b27-4f2d-830b-c80e17f11dcd
verify	Run official Day 3 verifier	2026-09-24T03:57:53.5126637Z   pythonLocation: /opt/hostedtoolcache/Python/3.12.14/x64
verify	Run official Day 3 verifier	2026-09-24T03:57:53.5127259Z   PKG_CONFIG_PATH: /opt/hostedtoolcache/Python/3.12.14/x64/lib/pkgconfig
verify	Run official Day 3 verifier	2026-09-24T03:57:53.5127879Z   Python_ROOT_DIR: /opt/hostedtoolcache/Python/3.12.14/x64
verify	Run official Day 3 verifier	2026-09-24T03:57:53.5128479Z   Python2_ROOT_DIR: /opt/hostedtoolcache/Python/3.12.14/x64
verify	Run official Day 3 verifier	2026-09-24T03:57:53.5129039Z   Python3_ROOT_DIR: /opt/hostedtoolcache/Python/3.12.14/x64
verify	Run official Day 3 verifier	2026-09-24T03:57:53.5129603Z   LD_LIBRARY_PATH: /opt/hostedtoolcache/Python/3.12.14/x64/lib
verify	Run official Day 3 verifier	2026-09-24T03:57:53.5133898Z   GH_TOKEN: ***
verify	Run official Day 3 verifier	2026-09-24T03:57:53.5134187Z ##[endgroup]
verify	Run official Day 3 verifier	2026-09-24T03:58:12.3070320Z {
verify	Run official Day 3 verifier	2026-09-24T03:58:12.3070759Z   "schema_version": 1,
verify	Run official Day 3 verifier	2026-09-24T03:58:12.3071161Z   "target": "day3",
verify	Run official Day 3 verifier	2026-09-24T03:58:12.3071491Z   "status": "PASS",
verify	Run official Day 3 verifier	2026-09-24T03:58:12.3071839Z   "scope": "partial-runtime-contract",
verify	Run official Day 3 verifier	2026-09-24T03:58:12.3072292Z   "runtime_verified": true,
verify	Run official Day 3 verifier	2026-09-24T03:58:12.3072907Z   "source_sha256": "0fdd74862a3f6ec771efe67b899ab5958155b8aeb60666da88d4a884f2f93e0b",
verify	Run official Day 3 verifier	2026-09-24T03:58:12.3073595Z   "milestone_complete": false,
verify	Run official Day 3 verifier	2026-09-24T03:58:12.3073955Z   "checks": [
verify	Run official Day 3 verifier	2026-09-24T03:58:12.3074245Z     {
verify	Run official Day 3 verifier	2026-09-24T03:58:12.3074503Z       "id": "day3",
verify	Run official Day 3 verifier	2026-09-24T03:58:12.3074814Z       "status": "PASS",
verify	Run official Day 3 verifier	2026-09-24T03:58:12.3075571Z       "runtime_verified": true,
verify	Run official Day 3 verifier	2026-09-24T03:58:12.3076451Z       "ci_url": "https://github.com/giang6996/insighthub/actions/runs/35949605102",
verify	Run official Day 3 verifier	2026-09-24T03:58:12.3077287Z       "note": "CI/policy verified; deployment health is not attested."
verify	Run official Day 3 verifier	2026-09-24T03:58:12.3077868Z     }
verify	Run official Day 3 verifier	2026-09-24T03:58:12.3078137Z   ],
verify	Run official Day 3 verifier	2026-09-24T03:58:12.3078466Z   "specification_review_required": true,
verify	Run official Day 3 verifier	2026-09-24T03:58:12.3079432Z   "note": "PASS covers implemented checks only, not all project requirements; use the complete specification and reviewer evidence."
verify	Run official Day 3 verifier	2026-09-24T03:58:12.3080359Z }
verify	Upload verification evidence	﻿2026-09-24T03:58:12.3259608Z ##[group]Run actions/upload-artifact@ea165f8d65b6e75b540449e92b4886f43607fa02
verify	Upload verification evidence	2026-09-24T03:58:12.3260148Z with:
verify	Upload verification evidence	2026-09-24T03:58:12.3260409Z   name: day3-final-verification
verify	Upload verification evidence	2026-09-24T03:58:12.3261124Z   path: evidence/day3.json
verify	Upload verification evidence	evidence/day3-ci-binding.json
verify	Upload verification evidence	evidence/day3-deployment.zip
verify	Upload verification evidence	evidence/day3-verifier-result.json
verify	Upload verification evidence	
verify	Upload verification evidence	2026-09-24T03:58:12.3261883Z   if-no-files-found: error
verify	Upload verification evidence	2026-09-24T03:58:12.3262187Z   retention-days: 7
verify	Upload verification evidence	2026-09-24T03:58:12.3262467Z   compression-level: 6
verify	Upload verification evidence	2026-09-24T03:58:12.3262744Z   overwrite: false
verify	Upload verification evidence	2026-09-24T03:58:12.3263019Z   include-hidden-files: false
verify	Upload verification evidence	2026-09-24T03:58:12.3263323Z env:
verify	Upload verification evidence	2026-09-24T03:58:12.3263738Z   TERRAFORM_CLI_PATH: /home/runner/work/_temp/8df878e4-2b27-4f2d-830b-c80e17f11dcd
verify	Upload verification evidence	2026-09-24T03:58:12.3264360Z   pythonLocation: /opt/hostedtoolcache/Python/3.12.14/x64
verify	Upload verification evidence	2026-09-24T03:58:12.3264918Z   PKG_CONFIG_PATH: /opt/hostedtoolcache/Python/3.12.14/x64/lib/pkgconfig
verify	Upload verification evidence	2026-09-24T03:58:12.3265459Z   Python_ROOT_DIR: /opt/hostedtoolcache/Python/3.12.14/x64
verify	Upload verification evidence	2026-09-24T03:58:12.3265947Z   Python2_ROOT_DIR: /opt/hostedtoolcache/Python/3.12.14/x64
verify	Upload verification evidence	2026-09-24T03:58:12.3266692Z   Python3_ROOT_DIR: /opt/hostedtoolcache/Python/3.12.14/x64
verify	Upload verification evidence	2026-09-24T03:58:12.3267166Z   LD_LIBRARY_PATH: /opt/hostedtoolcache/Python/3.12.14/x64/lib
verify	Upload verification evidence	2026-09-24T03:58:12.3267559Z ##[endgroup]
verify	Upload verification evidence	2026-09-24T03:58:12.4986788Z (node:2664) [DEP0040] DeprecationWarning: The `punycode` module is deprecated. Please use a userland alternative instead.
verify	Upload verification evidence	2026-09-24T03:58:12.4988482Z (Use `node --trace-deprecation ...` to show where the warning was created)
verify	Upload verification evidence	2026-09-24T03:58:12.5058578Z Multiple search paths detected. Calculating the least common ancestor of all paths
verify	Upload verification evidence	2026-09-24T03:58:12.5062692Z The least common ancestor is /home/runner/work/insighthub/insighthub/evidence. This will be the root directory of the artifact
verify	Upload verification evidence	2026-09-24T03:58:12.5064792Z With the provided path, there will be 4 files uploaded
verify	Upload verification evidence	2026-09-24T03:58:12.5069855Z Artifact name is valid!
verify	Upload verification evidence	2026-09-24T03:58:12.5070845Z Root directory input is valid!
verify	Upload verification evidence	2026-09-24T03:58:12.6913656Z Beginning upload of artifact content to blob storage
verify	Upload verification evidence	2026-09-24T03:58:12.7191979Z (node:2664) [DEP0169] DeprecationWarning: `url.parse()` behavior is not standardized and prone to errors that have security implications. Use the WHATWG URL API instead. CVEs are not issued for `url.parse()` vulnerabilities.
verify	Upload verification evidence	2026-09-24T03:58:12.7696775Z Uploaded bytes 14573
verify	Upload verification evidence	2026-09-24T03:58:12.7876150Z Finished uploading artifact content to blob storage!
verify	Upload verification evidence	2026-09-24T03:58:12.7877798Z SHA256 digest of uploaded artifact zip is 6ef441826c979fe968dcfdd14b24a14f18a848b9721065e386015435a799f406
verify	Upload verification evidence	2026-09-24T03:58:12.7880239Z Finalizing artifact upload
verify	Upload verification evidence	2026-09-24T03:58:13.0057515Z Artifact day3-final-verification.zip successfully finalized. Artifact ID 10789333312
verify	Upload verification evidence	2026-09-24T03:58:13.0059245Z Artifact day3-final-verification has been successfully uploaded! Final size is 14573 bytes. Artifact ID is 10789333312
verify	Upload verification evidence	2026-09-24T03:58:13.0066146Z Artifact download URL: https://github.com/giang6996/insighthub/actions/runs/35953587899/artifacts/10789333312
verify	Post Set up Python	﻿2026-09-24T03:58:13.0265758Z Post job cleanup.
verify	Post Set up Python	2026-09-24T03:58:13.1529247Z (node:2676) [DEP0040] DeprecationWarning: The `punycode` module is deprecated. Please use a userland alternative instead.
verify	Post Set up Python	2026-09-24T03:58:13.1530611Z (Use `node --trace-deprecation ...` to show where the warning was created)
verify	Post Checkout frozen Day 3 source	﻿2026-09-24T03:58:13.1733317Z Post job cleanup.
verify	Post Checkout frozen Day 3 source	2026-09-24T03:58:13.2753364Z [command]/usr/bin/git version
verify	Post Checkout frozen Day 3 source	2026-09-24T03:58:13.2812697Z git version 2.55.0
verify	Post Checkout frozen Day 3 source	2026-09-24T03:58:13.2855684Z Temporarily overriding HOME='/home/runner/work/_temp/a7acf1c6-bfc3-4069-aa09-c5d8837e5346' before making global git config changes
verify	Post Checkout frozen Day 3 source	2026-09-24T03:58:13.2857695Z Adding repository directory to the temporary git global config as a safe directory
verify	Post Checkout frozen Day 3 source	2026-09-24T03:58:13.2864196Z [command]/usr/bin/git config --global --add safe.directory /home/runner/work/insighthub/insighthub
verify	Post Checkout frozen Day 3 source	2026-09-24T03:58:13.2902885Z Removing SSH command configuration
verify	Post Checkout frozen Day 3 source	2026-09-24T03:58:13.2911065Z [command]/usr/bin/git config --local --name-only --get-regexp core\.sshCommand
verify	Post Checkout frozen Day 3 source	2026-09-24T03:58:13.2954331Z [command]/usr/bin/git submodule foreach --recursive sh -c "git config --local --name-only --get-regexp 'core\.sshCommand' && git config --local --unset-all 'core.sshCommand' || :"
verify	Post Checkout frozen Day 3 source	2026-09-24T03:58:13.3209662Z Removing HTTP extra header
verify	Post Checkout frozen Day 3 source	2026-09-24T03:58:13.3217259Z [command]/usr/bin/git config --local --name-only --get-regexp http\.https\:\/\/github\.com\/\.extraheader
verify	Post Checkout frozen Day 3 source	2026-09-24T03:58:13.3259570Z [command]/usr/bin/git submodule foreach --recursive sh -c "git config --local --name-only --get-regexp 'http\.https\:\/\/github\.com\/\.extraheader' && git config --local --unset-all 'http.https://github.com/.extraheader' || :"
verify	Post Checkout frozen Day 3 source	2026-09-24T03:58:13.3514197Z Removing includeIf entries pointing to credentials config files
verify	Post Checkout frozen Day 3 source	2026-09-24T03:58:13.3523260Z [command]/usr/bin/git config --local --name-only --get-regexp ^includeIf\.gitdir:
verify	Post Checkout frozen Day 3 source	2026-09-24T03:58:13.3575198Z [command]/usr/bin/git submodule foreach --recursive git config --local --show-origin --name-only --get-regexp remote.origin.url
verify	Complete job	﻿2026-09-24T03:58:13.4004692Z Cleaning up orphan processes
verify	Complete job	2026-09-24T03:58:13.4331867Z ##[warning]Node.js 20 is deprecated. The following actions target Node.js 20 but are being forced to run on Node.js 24: actions/upload-artifact@ea165f8d65b6e75b540449e92b4886f43607fa02, hashicorp/setup-terraform@v3. For more information see: https://github.blog/changelog/2025-09-19-deprecation-of-node-20-on-github-actions-runners/
